MPLINK 4.43, Linker
Linker Map File - Created Tue Jul 03 12:04:46 2012

                                 Section Info
                  Section       Type    Address   Location Size(Bytes)
                ---------  ---------  ---------  ---------  ---------
               _entry_scn       code   0x000000    program   0x000006
           .code___init.o       code   0x000006    program   0x000002
              high_vector       code   0x000008    program   0x000006
         .romdata_c018i.o    romdata   0x00000e    program   0x000000
    .romdata_SPI_Master.o    romdata   0x00000e    program   0x000000
           .romdata_USB.o    romdata   0x00000e    program   0x000000
        .romdata___init.o    romdata   0x00000e    program   0x000000
   .romdata_descriptors.o    romdata   0x00000e    program   0x000000
.romdata_DEE Emulation 8-bit.o    romdata   0x00000e    program   0x000000
             .stringtable    romdata   0x00000e    program   0x000000
     .romdata_I2C_Slave.o    romdata   0x00000e    program   0x000000
      .romdata_fxd1616u.o    romdata   0x00000e    program   0x000000
          .idata_main.o_i    romdata   0x00000e    program   0x000003
          .romdata_main.o    romdata   0x00000e    program   0x000000
    .idata_SPI_Master.o_i    romdata   0x000011    program   0x000006
      .idata_fxd1616u.o_i    romdata   0x000011    program   0x000000
        .idata___init.o_i    romdata   0x000011    program   0x000000
         .idata_c018i.o_i    romdata   0x000011    program   0x000000
.idata_DEE Emulation 8-bit.o_i    romdata   0x000017    program   0x000000
               low_vector       code   0x000018    program   0x000006
      .code_descriptors.o       code   0x000018    program   0x000000
            .code_c018i.o       code   0x000018    program   0x000000
                   .cinit    romdata   0x00001e    program   0x00003e
              .code_USB.o       code   0x00005c    program   0x000fe6
       .code_SPI_Master.o       code   0x001042    program   0x00030e
        .code_I2C_Slave.o       code   0x001350    program   0x0002a8
             .code_main.o       code   0x0015f8    program   0x000256
               _cinit_scn       code   0x00184e    program   0x00009e
                     PROG       code   0x0018ec    program   0x00005a
         .code_fxd1616u.o       code   0x001946    program   0x00002c
                    .code       code   0x001972    program   0x000020
             _startup_scn       code   0x001992    program   0x00001c
   .idata_descriptors.o_i    romdata   0x0019ae    program   0x000016
           .idata_USB.o_i    romdata   0x0019c4    program   0x000015
     .idata_I2C_Slave.o_i    romdata   0x0019d9    program   0x000005
        Emulation_PageSCN       code   0x001c00    program   0x000800
.code_DEE Emulation 8-bit.o       code   0x002400    program   0x000fbe
      .config_3ff8_main.o    romdata   0x003ff8    program   0x000001
      .config_3ff9_main.o    romdata   0x003ff9    program   0x000001
      .config_3ffa_main.o    romdata   0x003ffa    program   0x000001
      .config_3ffb_main.o    romdata   0x003ffb    program   0x000001
      .config_3ffc_main.o    romdata   0x003ffc    program   0x000001
      .config_3ffd_main.o    romdata   0x003ffd    program   0x000001
      .config_3ffe_main.o    romdata   0x003ffe    program   0x000001
      .config_3fff_main.o    romdata   0x003fff    program   0x000001
                MATH_DATA      udata   0x000000       data   0x000014
                 .tmpdata      udata   0x000014       data   0x00000a
       .udata_I2C_Slave.o      udata   0x000060       data   0x000082
     .idata_descriptors.o      idata   0x0000e2       data   0x000016
      .idata_SPI_Master.o      idata   0x0000f8       data   0x000006
.udata_DEE Emulation 8-bit.o      udata   0x0000fe       data   0x000001
          .idata___init.o      idata   0x0000ff       data   0x000000
          .udata___init.o      udata   0x0000ff       data   0x000000
        .idata_fxd1616u.o      idata   0x0000ff       data   0x000000
        .udata_fxd1616u.o      udata   0x0000ff       data   0x000000
.idata_DEE Emulation 8-bit.o      idata   0x0000ff       data   0x000000
      .udata_SPI_Master.o      udata   0x0000ff       data   0x000000
           .idata_c018i.o      idata   0x0000ff       data   0x000000
     .udata_descriptors.o      udata   0x0000ff       data   0x000000
            .udata_main.o      udata   0x0000ff       data   0x000000
                first_scn      udata   0x000900       data   0x0001fe
               second_scn      udata   0x000b00       data   0x0001fe
                   .stack      udata   0x000d00       data   0x000100
             .idata_USB.o      idata   0x000e00       data   0x000015
           .udata_c018i.o      udata   0x000e15       data   0x00000a
       .idata_I2C_Slave.o      idata   0x000e1f       data   0x000005
             .udata_USB.o      udata   0x000e24       data   0x000003
            .idata_main.o      idata   0x000e27       data   0x000003
              SFR_BANKED0      udata   0x000ec6       data   0x00000e
              SFR_BANKED1      udata   0x000ed7       data   0x000002
              SFR_BANKED2      udata   0x000ee7       data   0x000004
              SFR_BANKED3      udata   0x000eec       data   0x000003
              SFR_BANKED4      udata   0x000ef2       data   0x000002
              SFR_BANKED5      udata   0x000ef6       data   0x000002
              SFR_BANKED6      udata   0x000efb       data   0x000005
              SFR_BANKED7      udata   0x000f26       data   0x000014
              SFR_BANKED8      udata   0x000f3c       data   0x000007
              SFR_BANKED9      udata   0x000f48       data   0x000008
             SFR_BANKED10      udata   0x000f52       data   0x000002
            SFR_UNBANKED0      udata   0x000f60       data   0x0000a0



                              Program Memory Usage 
                               Start         End      
                           ---------   ---------      
                            0x000000    0x000016      
                            0x000018    0x0019dd      
                            0x001c00    0x0033bd      
                            0x003ff8    0x003fff      
            12707 out of 16386 program addresses used, program memory utilization is 77%



                              Symbols - Sorted by Name
                     Name    Address   Location    Storage File                     
                ---------  ---------  ---------  --------- ---------                
        AssertChipSelects   0x00111a    program     extern D:\Work\AD-FMCOMMS1-EBZ\SPI_Master.c
               DataEEInit   0x002b8e    program     extern D:\Work\AD-FMCOMMS1-EBZ\DEE Emulation 8-bit.c
               DataEERead   0x002eaa    program     extern D:\Work\AD-FMCOMMS1-EBZ\DEE Emulation 8-bit.c
              DataEEWrite   0x0030d6    program     extern D:\Work\AD-FMCOMMS1-EBZ\DEE Emulation 8-bit.c
           Emulation_Page   0x001c00    program     extern D:\Work\AD-FMCOMMS1-EBZ\NoFilDEE.asm
                ErasePage   0x0024e0    program     extern D:\Work\AD-FMCOMMS1-EBZ\DEE Emulation 8-bit.c
                 FXD1616U   0x001946    program     extern E:\MPASM_MPLINK_PIC18_LT_Branch_3_42\pic18-lt\cxx-framework\src\traditional\math\fxd1616u.c
                 FXM1616S   0x0018ec    program     extern E:\MPASM_MPLINK_PIC18_LT_Branch_3_42\pic18-lt\cxx-framework\src\traditional\math\fxm1616s.asm
        GetNextAvailCount   0x00253a    program     extern D:\Work\AD-FMCOMMS1-EBZ\DEE Emulation 8-bit.c
            GetPageStatus   0x00243c    program     extern D:\Work\AD-FMCOMMS1-EBZ\DEE Emulation 8-bit.c
            I2C_Slave_ISR   0x001374    program     extern D:\Work\AD-FMCOMMS1-EBZ\I2C_Slave.c
           I2C_Slave_Init   0x001350    program     extern D:\Work\AD-FMCOMMS1-EBZ\I2C_Slave.c
                 ISR_high   0x001772    program     extern D:\Work\AD-FMCOMMS1-EBZ\main.c
                  ISR_low   0x00181c    program     extern D:\Work\AD-FMCOMMS1-EBZ\main.c
                 Math_Min   0x00005c    program     extern D:\Work\AD-FMCOMMS1-EBZ\USB.c
                   PackEE   0x00268a    program     extern D:\Work\AD-FMCOMMS1-EBZ\DEE Emulation 8-bit.c
    Process_CLASS_Request   0x000b3a    program     extern D:\Work\AD-FMCOMMS1-EBZ\USB.c
     Process_SETUP_Packet   0x000e6e    program     extern D:\Work\AD-FMCOMMS1-EBZ\USB.c
 Process_STANDARD_Request   0x0002c8    program     extern D:\Work\AD-FMCOMMS1-EBZ\USB.c
   Process_VENDOR_Request   0x000b4a    program     extern D:\Work\AD-FMCOMMS1-EBZ\USB.c
                 SPI_Init   0x001042    program     extern D:\Work\AD-FMCOMMS1-EBZ\SPI_Master.c
           SPI_StartRxDMA   0x0012a4    program     extern D:\Work\AD-FMCOMMS1-EBZ\SPI_Master.c
           SPI_StartTxDMA   0x00120a    program     extern D:\Work\AD-FMCOMMS1-EBZ\SPI_Master.c
               TSIGN1616A   0x001938    program     static E:\MPASM_MPLINK_PIC18_LT_Branch_3_42\pic18-lt\cxx-framework\src\traditional\math\fxm1616s.asm
                  USB_ISR   0x0001a2    program     extern D:\Work\AD-FMCOMMS1-EBZ\USB.c
                 USB_Init   0x0000b2    program     extern D:\Work\AD-FMCOMMS1-EBZ\USB.c
                 USB_Loop   0x000184    program     extern D:\Work\AD-FMCOMMS1-EBZ\USB.c
              UnlockWrite   0x002400    program     extern D:\Work\AD-FMCOMMS1-EBZ\DEE Emulation 8-bit.c
       ___case_0_lbl00005   0x0024a0    program     static                          
       ___case_1_lbl00006   0x0024a8    program     static                          
       ___case_2_lbl00007   0x0024b4    program     static                          
      ___default_lbl00008   0x0024c2    program     static                          
           ___do_lbl00015   0x002622    program     static                          
           ___do_lbl00016   0x00263c    program     static                          
           ___do_lbl00018   0x002606    program     static                          
           ___do_lbl00036   0x00297a    program     static                          
           ___do_lbl00037   0x00298e    program     static                          
           ___do_lbl00046   0x002898    program     static                          
           ___do_lbl00090   0x003014    program     static                          
           ___do_lbl00091   0x003060    program     static                          
           ___do_lbl00093   0x002ff8    program     static                          
         ___else_lbl00031   0x002714    program     static                          
         ___else_lbl00042   0x002908    program     static                          
         ___else_lbl00074   0x002da8    program     static                          
         ___else_lbl00077   0x002e72    program     static                          
         ___else_lbl00079   0x002d42    program     static                          
         ___else_lbl00081   0x002d2c    program     static                          
          ___for_lbl00011   0x0025a0    program     static                          
          ___for_lbl00012   0x0025ac    program     static                          
          ___for_lbl00014   0x002560    program     static                          
          ___for_lbl00021   0x0026e6    program     static                          
          ___for_lbl00022   0x0026ec    program     static                          
          ___for_lbl00024   0x0026ac    program     static                          
          ___for_lbl00033   0x002880    program     static                          
          ___for_lbl00034   0x00288a    program     static                          
          ___for_lbl00035   0x00286c    program     static                          
          ___for_lbl00057   0x002e88    program     static                          
          ___for_lbl00058   0x002e8e    program     static                          
          ___for_lbl00059   0x002c1a    program     static                          
          ___for_lbl00060   0x002c26    program     static                          
          ___for_lbl00062   0x002bde    program     static                          
          ___for_lbl00064   0x002c98    program     static                          
          ___for_lbl00065   0x002ca4    program     static                          
          ___for_lbl00067   0x002c58    program     static                          
          ___for_lbl00082   0x002bb6    program     static                          
          ___for_lbl00085   0x002f54    program     static                          
          ___for_lbl00086   0x002f60    program     static                          
          ___for_lbl00088   0x002f12    program     static                          
          ___for_lbl00097   0x003182    program     static                          
          ___for_lbl00098   0x003198    program     static                          
          ___for_lbl00100   0x00313e    program     static                          
           ___if_lbl00019   0x002652    program     static                          
           ___if_lbl00025   0x00272c    program     static                          
           ___if_lbl00028   0x002762    program     static                          
           ___if_lbl00029   0x00278e    program     static                          
           ___if_lbl00030   0x002790    program     static                          
           ___if_lbl00032   0x002854    program     static                          
           ___if_lbl00041   0x002920    program     static                          
           ___if_lbl00049   0x002a2c    program     static                          
           ___if_lbl00050   0x002a80    program     static                          
           ___if_lbl00051   0x002a9e    program     static                          
           ___if_lbl00052   0x002afc    program     static                          
           ___if_lbl00053   0x002b12    program     static                          
           ___if_lbl00054   0x002b28    program     static                          
           ___if_lbl00055   0x002b3e    program     static                          
           ___if_lbl00063   0x002c50    program     static                          
           ___if_lbl00066   0x002c98    program     static                          
           ___if_lbl00072   0x002e28    program     static                          
           ___if_lbl00073   0x002e28    program     static                          
           ___if_lbl00075   0x002e60    program     static                          
           ___if_lbl00076   0x002e88    program     static                          
           ___if_lbl00078   0x002e88    program     static                          
           ___if_lbl00080   0x002e88    program     static                          
           ___if_lbl00084   0x002ee8    program     static                          
           ___if_lbl00089   0x002f90    program     static                          
           ___if_lbl00094   0x00308a    program     static                          
           ___if_lbl00096   0x003110    program     static                          
           ___if_lbl00101   0x0031c8    program     static                          
           ___if_lbl00102   0x003270    program     static                          
           ___if_lbl00103   0x003270    program     static                          
           ___if_lbl00104   0x0032b6    program     static                          
           ___if_lbl00105   0x003330    program     static                          
           ___if_lbl00106   0x003370    program     static                          
           ___if_lbl00107   0x003392    program     static                          
       ___return_lbl00000   0x000004    program     static                          
       ___return_lbl00000   0x001970    program     static                          
       ___return_lbl00001   0x0019ac    program     static                          
       ___return_lbl00002   0x0018ea    program     static                          
       ___return_lbl00003   0x0024d6    program     static                          
       ___return_lbl00010   0x002676    program     static                          
       ___return_lbl00020   0x002b7a    program     static                          
       ___return_lbl00022   0x00000c    program     static                          
       ___return_lbl00023   0x00001c    program     static                          
       ___return_lbl00056   0x002e92    program     static                          
       ___return_lbl00083   0x0030c2    program     static                          
       ___return_lbl00095   0x0033a6    program     static                          
   ___switchexit_lbl00004   0x0024c6    program     static                          
        ___while_lbl00026   0x00272c    program     static                          
        ___while_lbl00027   0x002790    program     static                          
        ___while_lbl00038   0x002898    program     static                          
        ___while_lbl00039   0x00295c    program     static                          
        ___while_lbl00043   0x002924    program     static                          
        ___while_lbl00044   0x00295a    program     static                          
        ___while_lbl00047   0x0029c2    program     static                          
        ___while_lbl00048   0x002a3e    program     static                          
        ___while_lbl00069   0x002db0    program     static                          
        ___while_lbl00070   0x002dfe    program     static                          
               __config_0   0x003ff8    program     static D:\Work\AD-FMCOMMS1-EBZ\main.c
               __config_1   0x003ff9    program     static D:\Work\AD-FMCOMMS1-EBZ\main.c
               __config_2   0x003ffa    program     static D:\Work\AD-FMCOMMS1-EBZ\main.c
               __config_3   0x003ffb    program     static D:\Work\AD-FMCOMMS1-EBZ\main.c
               __config_4   0x003ffc    program     static D:\Work\AD-FMCOMMS1-EBZ\main.c
               __config_5   0x003ffd    program     static D:\Work\AD-FMCOMMS1-EBZ\main.c
               __config_6   0x003ffe    program     static D:\Work\AD-FMCOMMS1-EBZ\main.c
               __config_7   0x003fff    program     static D:\Work\AD-FMCOMMS1-EBZ\main.c
                   __init   0x000006    program     extern E:\MPASM_MPLINK_PIC18_LT_Branch_3_42\pic18-lt\cxx-framework\src\traditional\stdclib\__init.c
               __tmplbl_0   0x0025a0    program     static                          
               __tmplbl_1   0x002576    program     static                          
              __tmplbl_10   0x002c1a    program     static                          
              __tmplbl_11   0x002bf4    program     static                          
              __tmplbl_12   0x002d94    program     static                          
              __tmplbl_13   0x002d70    program     static                          
              __tmplbl_14   0x002df2    program     static                          
              __tmplbl_15   0x002ddc    program     static                          
              __tmplbl_16   0x002f54    program     static                          
              __tmplbl_17   0x002f28    program     static                          
              __tmplbl_18   0x003060    program     static                          
              __tmplbl_19   0x003028    program     static                          
               __tmplbl_2   0x00263c    program     static                          
              __tmplbl_20   0x003182    program     static                          
              __tmplbl_21   0x003156    program     static                          
              __tmplbl_22   0x0031ae    program     static                          
               __tmplbl_3   0x00262a    program     static                          
               __tmplbl_4   0x0026e6    program     static                          
               __tmplbl_5   0x0026bc    program     static                          
               __tmplbl_6   0x0028bc    program     static                          
               __tmplbl_7   0x0028aa    program     static                          
               __tmplbl_8   0x002948    program     static                          
               __tmplbl_9   0x002936    program     static                          
            __zero_memory   0x001972    program     extern E:\MPASM_MPLINK_PIC18_LT_Branch_3_42\pic18-lt\cxx-framework\src\traditional\proc\p18f24j50.asm
                _do_cinit   0x00184e    program     extern E:\MPASM_MPLINK_PIC18_LT_Branch_3_42\pic18-lt\cxx-framework\src\traditional\startup\c018i.c
                   _entry   0x000000    program     extern E:\MPASM_MPLINK_PIC18_LT_Branch_3_42\pic18-lt\cxx-framework\src\traditional\startup\c018i.c
                 _startup   0x001992    program     extern E:\MPASM_MPLINK_PIC18_LT_Branch_3_42\pic18-lt\cxx-framework\src\traditional\startup\c018i.c
                compare_l   0x001988    program     static E:\MPASM_MPLINK_PIC18_LT_Branch_3_42\pic18-lt\cxx-framework\src\traditional\proc\p18f24j50.asm
                copy_loop   0x0018c0    program     static                          
            copy_one_byte   0x0018c6    program     static                          
                     done   0x0018ea    program     static                          
             done_copying   0x0018d4    program     static                          
                  endloop   0x00196c    program     static                          
 interrupt_at_high_vector   0x000008    program     extern D:\Work\AD-FMCOMMS1-EBZ\main.c
  interrupt_at_low_vector   0x000018    program     extern D:\Work\AD-FMCOMMS1-EBZ\main.c
                     loop   0x001950    program     static                          
                     loop   0x0019a2    program     static                          
                   loop_h   0x001980    program     static E:\MPASM_MPLINK_PIC18_LT_Branch_3_42\pic18-lt\cxx-framework\src\traditional\proc\p18f24j50.asm
                   loop_l   0x00198a    program     static E:\MPASM_MPLINK_PIC18_LT_Branch_3_42\pic18-lt\cxx-framework\src\traditional\proc\p18f24j50.asm
                     main   0x0015f8    program     extern D:\Work\AD-FMCOMMS1-EBZ\main.c
                     test   0x001868    program     static                          
               zero_block   0x001980    program     static E:\MPASM_MPLINK_PIC18_LT_Branch_3_42\pic18-lt\cxx-framework\src\traditional\proc\p18f24j50.asm
                   ADCON0   0x000fc2       data     extern E:\MPASM_MPLINK_PIC18_LT_Branch_3_42\pic18-lt\cxx-framework\src\traditional\proc\p18f24j50.asm
               ADCON0bits   0x000fc2       data     extern E:\MPASM_MPLINK_PIC18_LT_Branch_3_42\pic18-lt\cxx-framework\src\traditional\proc\p18f24j50.asm
                   ADCON1   0x000fc1       data     extern E:\MPASM_MPLINK_PIC18_LT_Branch_3_42\pic18-lt\cxx-framework\src\traditional\proc\p18f24j50.asm
               ADCON1bits   0x000fc1       data     extern E:\MPASM_MPLINK_PIC18_LT_Branch_3_42\pic18-lt\cxx-framework\src\traditional\proc\p18f24j50.asm
                    ADRES   0x000fc3       data     extern E:\MPASM_MPLINK_PIC18_LT_Branch_3_42\pic18-lt\cxx-framework\src\traditional\proc\p18f24j50.asm
                   ADRESH   0x000fc4       data     extern E:\MPASM_MPLINK_PIC18_LT_Branch_3_42\pic18-lt\cxx-framework\src\traditional\proc\p18f24j50.asm
                   ADRESL   0x000fc3       data     extern E:\MPASM_MPLINK_PIC18_LT_Branch_3_42\pic18-lt\cxx-framework\src\traditional\proc\p18f24j50.asm
                  ALRMCFG   0x000f91       data     extern E:\MPASM_MPLINK_PIC18_LT_Branch_3_42\pic18-lt\cxx-framework\src\traditional\proc\p18f24j50.asm
              ALRMCFGbits   0x000f91       data     extern E:\MPASM_MPLINK_PIC18_LT_Branch_3_42\pic18-lt\cxx-framework\src\traditional\proc\p18f24j50.asm
                  ALRMRPT   0x000f90       data     extern E:\MPASM_MPLINK_PIC18_LT_Branch_3_42\pic18-lt\cxx-framework\src\traditional\proc\p18f24j50.asm
              ALRMRPTbits   0x000f90       data     extern E:\MPASM_MPLINK_PIC18_LT_Branch_3_42\pic18-lt\cxx-framework\src\traditional\proc\p18f24j50.asm
                 ALRMVALH   0x000f8f       data     extern E:\MPASM_MPLINK_PIC18_LT_Branch_3_42\pic18-lt\cxx-framework\src\traditional\proc\p18f24j50.asm
                 ALRMVALL   0x000f8e       data     extern E:\MPASM_MPLINK_PIC18_LT_Branch_3_42\pic18-lt\cxx-framework\src\traditional\proc\p18f24j50.asm
                   ANCON0   0x000f48       data     extern E:\MPASM_MPLINK_PIC18_LT_Branch_3_42\pic18-lt\cxx-framework\src\traditional\proc\p18f24j50.asm
               ANCON0bits   0x000f48       data     extern E:\MPASM_MPLINK_PIC18_LT_Branch_3_42\pic18-lt\cxx-framework\src\traditional\proc\p18f24j50.asm
                   ANCON1   0x000f49       data     extern E:\MPASM_MPLINK_PIC18_LT_Branch_3_42\pic18-lt\cxx-framework\src\traditional\proc\p18f24j50.asm
               ANCON1bits   0x000f49       data     extern E:\MPASM_MPLINK_PIC18_LT_Branch_3_42\pic18-lt\cxx-framework\src\traditional\proc\p18f24j50.asm
                  BAUDCON   0x000f7e       data     extern E:\MPASM_MPLINK_PIC18_LT_Branch_3_42\pic18-lt\cxx-framework\src\traditional\proc\p18f24j50.asm
                 BAUDCON1   0x000f7e       data     extern E:\MPASM_MPLINK_PIC18_LT_Branch_3_42\pic18-lt\cxx-framework\src\traditional\proc\p18f24j50.asm
             BAUDCON1bits   0x000f7e       data     extern E:\MPASM_MPLINK_PIC18_LT_Branch_3_42\pic18-lt\cxx-framework\src\traditional\proc\p18f24j50.asm
                 BAUDCON2   0x000f7c       data     extern E:\MPASM_MPLINK_PIC18_LT_Branch_3_42\pic18-lt\cxx-framework\src\traditional\proc\p18f24j50.asm
             BAUDCON2bits   0x000f7c       data     extern E:\MPASM_MPLINK_PIC18_LT_Branch_3_42\pic18-lt\cxx-framework\src\traditional\proc\p18f24j50.asm
              BAUDCONbits   0x000f7e       data     extern E:\MPASM_MPLINK_PIC18_LT_Branch_3_42\pic18-lt\cxx-framework\src\traditional\proc\p18f24j50.asm
                  BAUDCTL   0x000f7e       data     extern E:\MPASM_MPLINK_PIC18_LT_Branch_3_42\pic18-lt\cxx-framework\src\traditional\proc\p18f24j50.asm
              BAUDCTLbits   0x000f7e       data     extern E:\MPASM_MPLINK_PIC18_LT_Branch_3_42\pic18-lt\cxx-framework\src\traditional\proc\p18f24j50.asm
                      BSR   0x000fe0       data     extern E:\MPASM_MPLINK_PIC18_LT_Branch_3_42\pic18-lt\cxx-framework\src\traditional\proc\p18f24j50.asm
               BlinkCount   0x000e27       data     extern D:\Work\AD-FMCOMMS1-EBZ\main.c
                  CCP1CON   0x000fba       data     extern E:\MPASM_MPLINK_PIC18_LT_Branch_3_42\pic18-lt\cxx-framework\src\traditional\proc\p18f24j50.asm
              CCP1CONbits   0x000fba       data     extern E:\MPASM_MPLINK_PIC18_LT_Branch_3_42\pic18-lt\cxx-framework\src\traditional\proc\p18f24j50.asm
                  CCP2CON   0x000fb4       data     extern E:\MPASM_MPLINK_PIC18_LT_Branch_3_42\pic18-lt\cxx-framework\src\traditional\proc\p18f24j50.asm
              CCP2CONbits   0x000fb4       data     extern E:\MPASM_MPLINK_PIC18_LT_Branch_3_42\pic18-lt\cxx-framework\src\traditional\proc\p18f24j50.asm
                    CCPR1   0x000fbb       data     extern E:\MPASM_MPLINK_PIC18_LT_Branch_3_42\pic18-lt\cxx-framework\src\traditional\proc\p18f24j50.asm
                   CCPR1H   0x000fbc       data     extern E:\MPASM_MPLINK_PIC18_LT_Branch_3_42\pic18-lt\cxx-framework\src\traditional\proc\p18f24j50.asm
                   CCPR1L   0x000fbb       data     extern E:\MPASM_MPLINK_PIC18_LT_Branch_3_42\pic18-lt\cxx-framework\src\traditional\proc\p18f24j50.asm
                    CCPR2   0x000fb5       data     extern E:\MPASM_MPLINK_PIC18_LT_Branch_3_42\pic18-lt\cxx-framework\src\traditional\proc\p18f24j50.asm
                   CCPR2H   0x000fb6       data     extern E:\MPASM_MPLINK_PIC18_LT_Branch_3_42\pic18-lt\cxx-framework\src\traditional\proc\p18f24j50.asm
                   CCPR2L   0x000fb5       data     extern E:\MPASM_MPLINK_PIC18_LT_Branch_3_42\pic18-lt\cxx-framework\src\traditional\proc\p18f24j50.asm
                   CM1CON   0x000fd2       data     extern E:\MPASM_MPLINK_PIC18_LT_Branch_3_42\pic18-lt\cxx-framework\src\traditional\proc\p18f24j50.asm
                  CM1CON1   0x000fd2       data     extern E:\MPASM_MPLINK_PIC18_LT_Branch_3_42\pic18-lt\cxx-framework\src\traditional\proc\p18f24j50.asm
              CM1CON1bits   0x000fd2       data     extern E:\MPASM_MPLINK_PIC18_LT_Branch_3_42\pic18-lt\cxx-framework\src\traditional\proc\p18f24j50.asm
               CM1CONbits   0x000fd2       data     extern E:\MPASM_MPLINK_PIC18_LT_Branch_3_42\pic18-lt\cxx-framework\src\traditional\proc\p18f24j50.asm
                   CM2CON   0x000fd1       data     extern E:\MPASM_MPLINK_PIC18_LT_Branch_3_42\pic18-lt\cxx-framework\src\traditional\proc\p18f24j50.asm
                  CM2CON1   0x000fd1       data     extern E:\MPASM_MPLINK_PIC18_LT_Branch_3_42\pic18-lt\cxx-framework\src\traditional\proc\p18f24j50.asm
              CM2CON1bits   0x000fd1       data     extern E:\MPASM_MPLINK_PIC18_LT_Branch_3_42\pic18-lt\cxx-framework\src\traditional\proc\p18f24j50.asm
               CM2CONbits   0x000fd1       data     extern E:\MPASM_MPLINK_PIC18_LT_Branch_3_42\pic18-lt\cxx-framework\src\traditional\proc\p18f24j50.asm
                   CMSTAT   0x000f70       data     extern E:\MPASM_MPLINK_PIC18_LT_Branch_3_42\pic18-lt\cxx-framework\src\traditional\proc\p18f24j50.asm
                 CMSTATUS   0x000f70       data     extern E:\MPASM_MPLINK_PIC18_LT_Branch_3_42\pic18-lt\cxx-framework\src\traditional\proc\p18f24j50.asm
             CMSTATUSbits   0x000f70       data     extern E:\MPASM_MPLINK_PIC18_LT_Branch_3_42\pic18-lt\cxx-framework\src\traditional\proc\p18f24j50.asm
               CMSTATbits   0x000f70       data     extern E:\MPASM_MPLINK_PIC18_LT_Branch_3_42\pic18-lt\cxx-framework\src\traditional\proc\p18f24j50.asm
                 CTMUCONH   0x000fb3       data     extern E:\MPASM_MPLINK_PIC18_LT_Branch_3_42\pic18-lt\cxx-framework\src\traditional\proc\p18f24j50.asm
             CTMUCONHbits   0x000fb3       data     extern E:\MPASM_MPLINK_PIC18_LT_Branch_3_42\pic18-lt\cxx-framework\src\traditional\proc\p18f24j50.asm
                 CTMUCONL   0x000fb2       data     extern E:\MPASM_MPLINK_PIC18_LT_Branch_3_42\pic18-lt\cxx-framework\src\traditional\proc\p18f24j50.asm
             CTMUCONLbits   0x000fb2       data     extern E:\MPASM_MPLINK_PIC18_LT_Branch_3_42\pic18-lt\cxx-framework\src\traditional\proc\p18f24j50.asm
                 CTMUICON   0x000fb1       data     extern E:\MPASM_MPLINK_PIC18_LT_Branch_3_42\pic18-lt\cxx-framework\src\traditional\proc\p18f24j50.asm
             CTMUICONbits   0x000fb1       data     extern E:\MPASM_MPLINK_PIC18_LT_Branch_3_42\pic18-lt\cxx-framework\src\traditional\proc\p18f24j50.asm
                   CVRCON   0x000f53       data     extern E:\MPASM_MPLINK_PIC18_LT_Branch_3_42\pic18-lt\cxx-framework\src\traditional\proc\p18f24j50.asm
               CVRCONbits   0x000f53       data     extern E:\MPASM_MPLINK_PIC18_LT_Branch_3_42\pic18-lt\cxx-framework\src\traditional\proc\p18f24j50.asm
          ChipSelectState   0x0000fa       data     extern D:\Work\AD-FMCOMMS1-EBZ\SPI_Master.c
              ChipSelects   0x0000f8       data     extern D:\Work\AD-FMCOMMS1-EBZ\SPI_Master.c
      ConfigurationNumber   0x000e03       data     extern D:\Work\AD-FMCOMMS1-EBZ\USB.c
                   DMABCH   0x000f66       data     extern E:\MPASM_MPLINK_PIC18_LT_Branch_3_42\pic18-lt\cxx-framework\src\traditional\proc\p18f24j50.asm
               DMABCHbits   0x000f66       data     extern E:\MPASM_MPLINK_PIC18_LT_Branch_3_42\pic18-lt\cxx-framework\src\traditional\proc\p18f24j50.asm
                   DMABCL   0x000f67       data     extern E:\MPASM_MPLINK_PIC18_LT_Branch_3_42\pic18-lt\cxx-framework\src\traditional\proc\p18f24j50.asm
                  DMACON1   0x000f88       data     extern E:\MPASM_MPLINK_PIC18_LT_Branch_3_42\pic18-lt\cxx-framework\src\traditional\proc\p18f24j50.asm
              DMACON1bits   0x000f88       data     extern E:\MPASM_MPLINK_PIC18_LT_Branch_3_42\pic18-lt\cxx-framework\src\traditional\proc\p18f24j50.asm
                  DMACON2   0x000f86       data     extern E:\MPASM_MPLINK_PIC18_LT_Branch_3_42\pic18-lt\cxx-framework\src\traditional\proc\p18f24j50.asm
              DMACON2bits   0x000f86       data     extern E:\MPASM_MPLINK_PIC18_LT_Branch_3_42\pic18-lt\cxx-framework\src\traditional\proc\p18f24j50.asm
                   DSCONH   0x000f4d       data     extern E:\MPASM_MPLINK_PIC18_LT_Branch_3_42\pic18-lt\cxx-framework\src\traditional\proc\p18f24j50.asm
               DSCONHbits   0x000f4d       data     extern E:\MPASM_MPLINK_PIC18_LT_Branch_3_42\pic18-lt\cxx-framework\src\traditional\proc\p18f24j50.asm
                   DSCONL   0x000f4c       data     extern E:\MPASM_MPLINK_PIC18_LT_Branch_3_42\pic18-lt\cxx-framework\src\traditional\proc\p18f24j50.asm
               DSCONLbits   0x000f4c       data     extern E:\MPASM_MPLINK_PIC18_LT_Branch_3_42\pic18-lt\cxx-framework\src\traditional\proc\p18f24j50.asm
                   DSGPR0   0x000f4e       data     extern E:\MPASM_MPLINK_PIC18_LT_Branch_3_42\pic18-lt\cxx-framework\src\traditional\proc\p18f24j50.asm
                   DSGPR1   0x000f4f       data     extern E:\MPASM_MPLINK_PIC18_LT_Branch_3_42\pic18-lt\cxx-framework\src\traditional\proc\p18f24j50.asm
                  DSWAKEH   0x000f4b       data     extern E:\MPASM_MPLINK_PIC18_LT_Branch_3_42\pic18-lt\cxx-framework\src\traditional\proc\p18f24j50.asm
              DSWAKEHbits   0x000f4b       data     extern E:\MPASM_MPLINK_PIC18_LT_Branch_3_42\pic18-lt\cxx-framework\src\traditional\proc\p18f24j50.asm
                  DSWAKEL   0x000f4a       data     extern E:\MPASM_MPLINK_PIC18_LT_Branch_3_42\pic18-lt\cxx-framework\src\traditional\proc\p18f24j50.asm
              DSWAKELbits   0x000f4a       data     extern E:\MPASM_MPLINK_PIC18_LT_Branch_3_42\pic18-lt\cxx-framework\src\traditional\proc\p18f24j50.asm
                  ECCP1AS   0x000fbe       data     extern E:\MPASM_MPLINK_PIC18_LT_Branch_3_42\pic18-lt\cxx-framework\src\traditional\proc\p18f24j50.asm
              ECCP1ASbits   0x000fbe       data     extern E:\MPASM_MPLINK_PIC18_LT_Branch_3_42\pic18-lt\cxx-framework\src\traditional\proc\p18f24j50.asm
                 ECCP1CON   0x000fba       data     extern E:\MPASM_MPLINK_PIC18_LT_Branch_3_42\pic18-lt\cxx-framework\src\traditional\proc\p18f24j50.asm
             ECCP1CONbits   0x000fba       data     extern E:\MPASM_MPLINK_PIC18_LT_Branch_3_42\pic18-lt\cxx-framework\src\traditional\proc\p18f24j50.asm
                 ECCP1DEL   0x000fbd       data     extern E:\MPASM_MPLINK_PIC18_LT_Branch_3_42\pic18-lt\cxx-framework\src\traditional\proc\p18f24j50.asm
             ECCP1DELbits   0x000fbd       data     extern E:\MPASM_MPLINK_PIC18_LT_Branch_3_42\pic18-lt\cxx-framework\src\traditional\proc\p18f24j50.asm
                  ECCP2AS   0x000fb8       data     extern E:\MPASM_MPLINK_PIC18_LT_Branch_3_42\pic18-lt\cxx-framework\src\traditional\proc\p18f24j50.asm
              ECCP2ASbits   0x000fb8       data     extern E:\MPASM_MPLINK_PIC18_LT_Branch_3_42\pic18-lt\cxx-framework\src\traditional\proc\p18f24j50.asm
                 ECCP2CON   0x000fb4       data     extern E:\MPASM_MPLINK_PIC18_LT_Branch_3_42\pic18-lt\cxx-framework\src\traditional\proc\p18f24j50.asm
             ECCP2CONbits   0x000fb4       data     extern E:\MPASM_MPLINK_PIC18_LT_Branch_3_42\pic18-lt\cxx-framework\src\traditional\proc\p18f24j50.asm
                 ECCP2DEL   0x000fb7       data     extern E:\MPASM_MPLINK_PIC18_LT_Branch_3_42\pic18-lt\cxx-framework\src\traditional\proc\p18f24j50.asm
             ECCP2DELbits   0x000fb7       data     extern E:\MPASM_MPLINK_PIC18_LT_Branch_3_42\pic18-lt\cxx-framework\src\traditional\proc\p18f24j50.asm
                   EECON1   0x000fa6       data     extern E:\MPASM_MPLINK_PIC18_LT_Branch_3_42\pic18-lt\cxx-framework\src\traditional\proc\p18f24j50.asm
               EECON1bits   0x000fa6       data     extern E:\MPASM_MPLINK_PIC18_LT_Branch_3_42\pic18-lt\cxx-framework\src\traditional\proc\p18f24j50.asm
                   EECON2   0x000fa7       data     extern E:\MPASM_MPLINK_PIC18_LT_Branch_3_42\pic18-lt\cxx-framework\src\traditional\proc\p18f24j50.asm
           EEPROM_Address   0x0000e0       data     extern D:\Work\AD-FMCOMMS1-EBZ\I2C_Slave.c
             EP1IN_toggle   0x000e05       data     extern D:\Work\AD-FMCOMMS1-EBZ\USB.c
                     FSR0   0x000fe9       data     extern E:\MPASM_MPLINK_PIC18_LT_Branch_3_42\pic18-lt\cxx-framework\src\traditional\proc\p18f24j50.asm
                    FSR0H   0x000fea       data     extern E:\MPASM_MPLINK_PIC18_LT_Branch_3_42\pic18-lt\cxx-framework\src\traditional\proc\p18f24j50.asm
                    FSR0L   0x000fe9       data     extern E:\MPASM_MPLINK_PIC18_LT_Branch_3_42\pic18-lt\cxx-framework\src\traditional\proc\p18f24j50.asm
                     FSR1   0x000fe1       data     extern E:\MPASM_MPLINK_PIC18_LT_Branch_3_42\pic18-lt\cxx-framework\src\traditional\proc\p18f24j50.asm
                    FSR1H   0x000fe2       data     extern E:\MPASM_MPLINK_PIC18_LT_Branch_3_42\pic18-lt\cxx-framework\src\traditional\proc\p18f24j50.asm
                    FSR1L   0x000fe1       data     extern E:\MPASM_MPLINK_PIC18_LT_Branch_3_42\pic18-lt\cxx-framework\src\traditional\proc\p18f24j50.asm
                     FSR2   0x000fd9       data     extern E:\MPASM_MPLINK_PIC18_LT_Branch_3_42\pic18-lt\cxx-framework\src\traditional\proc\p18f24j50.asm
                    FSR2H   0x000fda       data     extern E:\MPASM_MPLINK_PIC18_LT_Branch_3_42\pic18-lt\cxx-framework\src\traditional\proc\p18f24j50.asm
                    FSR2L   0x000fd9       data     extern E:\MPASM_MPLINK_PIC18_LT_Branch_3_42\pic18-lt\cxx-framework\src\traditional\proc\p18f24j50.asm
       GetDescriptorCount   0x000e00       data     extern D:\Work\AD-FMCOMMS1-EBZ\USB.c
                  HLVDCON   0x000f85       data     extern E:\MPASM_MPLINK_PIC18_LT_Branch_3_42\pic18-lt\cxx-framework\src\traditional\proc\p18f24j50.asm
              HLVDCONbits   0x000f85       data     extern E:\MPASM_MPLINK_PIC18_LT_Branch_3_42\pic18-lt\cxx-framework\src\traditional\proc\p18f24j50.asm
              I2C_Address   0x000e1f       data     extern D:\Work\AD-FMCOMMS1-EBZ\I2C_Slave.c
              I2C_Command   0x000e22       data     extern D:\Work\AD-FMCOMMS1-EBZ\I2C_Slave.c
             I2C_Incoming   0x000060       data     extern D:\Work\AD-FMCOMMS1-EBZ\I2C_Slave.c
                I2C_Index   0x000e21       data     extern D:\Work\AD-FMCOMMS1-EBZ\I2C_Slave.c
             I2C_Outgoing   0x0000a0       data     extern D:\Work\AD-FMCOMMS1-EBZ\I2C_Slave.c
                    INDF0   0x000fef       data     extern E:\MPASM_MPLINK_PIC18_LT_Branch_3_42\pic18-lt\cxx-framework\src\traditional\proc\p18f24j50.asm
                    INDF1   0x000fe7       data     extern E:\MPASM_MPLINK_PIC18_LT_Branch_3_42\pic18-lt\cxx-framework\src\traditional\proc\p18f24j50.asm
                    INDF2   0x000fdf       data     extern E:\MPASM_MPLINK_PIC18_LT_Branch_3_42\pic18-lt\cxx-framework\src\traditional\proc\p18f24j50.asm
                   INTCON   0x000ff2       data     extern E:\MPASM_MPLINK_PIC18_LT_Branch_3_42\pic18-lt\cxx-framework\src\traditional\proc\p18f24j50.asm
                  INTCON2   0x000ff1       data     extern E:\MPASM_MPLINK_PIC18_LT_Branch_3_42\pic18-lt\cxx-framework\src\traditional\proc\p18f24j50.asm
              INTCON2bits   0x000ff1       data     extern E:\MPASM_MPLINK_PIC18_LT_Branch_3_42\pic18-lt\cxx-framework\src\traditional\proc\p18f24j50.asm
                  INTCON3   0x000ff0       data     extern E:\MPASM_MPLINK_PIC18_LT_Branch_3_42\pic18-lt\cxx-framework\src\traditional\proc\p18f24j50.asm
              INTCON3bits   0x000ff0       data     extern E:\MPASM_MPLINK_PIC18_LT_Branch_3_42\pic18-lt\cxx-framework\src\traditional\proc\p18f24j50.asm
               INTCONbits   0x000ff2       data     extern E:\MPASM_MPLINK_PIC18_LT_Branch_3_42\pic18-lt\cxx-framework\src\traditional\proc\p18f24j50.asm
                     IPR1   0x000f9f       data     extern E:\MPASM_MPLINK_PIC18_LT_Branch_3_42\pic18-lt\cxx-framework\src\traditional\proc\p18f24j50.asm
                 IPR1bits   0x000f9f       data     extern E:\MPASM_MPLINK_PIC18_LT_Branch_3_42\pic18-lt\cxx-framework\src\traditional\proc\p18f24j50.asm
                     IPR2   0x000fa2       data     extern E:\MPASM_MPLINK_PIC18_LT_Branch_3_42\pic18-lt\cxx-framework\src\traditional\proc\p18f24j50.asm
                 IPR2bits   0x000fa2       data     extern E:\MPASM_MPLINK_PIC18_LT_Branch_3_42\pic18-lt\cxx-framework\src\traditional\proc\p18f24j50.asm
                     IPR3   0x000fa5       data     extern E:\MPASM_MPLINK_PIC18_LT_Branch_3_42\pic18-lt\cxx-framework\src\traditional\proc\p18f24j50.asm
                 IPR3bits   0x000fa5       data     extern E:\MPASM_MPLINK_PIC18_LT_Branch_3_42\pic18-lt\cxx-framework\src\traditional\proc\p18f24j50.asm
                     LATA   0x000f89       data     extern E:\MPASM_MPLINK_PIC18_LT_Branch_3_42\pic18-lt\cxx-framework\src\traditional\proc\p18f24j50.asm
                 LATAbits   0x000f89       data     extern E:\MPASM_MPLINK_PIC18_LT_Branch_3_42\pic18-lt\cxx-framework\src\traditional\proc\p18f24j50.asm
                     LATB   0x000f8a       data     extern E:\MPASM_MPLINK_PIC18_LT_Branch_3_42\pic18-lt\cxx-framework\src\traditional\proc\p18f24j50.asm
                 LATBbits   0x000f8a       data     extern E:\MPASM_MPLINK_PIC18_LT_Branch_3_42\pic18-lt\cxx-framework\src\traditional\proc\p18f24j50.asm
                     LATC   0x000f8b       data     extern E:\MPASM_MPLINK_PIC18_LT_Branch_3_42\pic18-lt\cxx-framework\src\traditional\proc\p18f24j50.asm
                 LATCbits   0x000f8b       data     extern E:\MPASM_MPLINK_PIC18_LT_Branch_3_42\pic18-lt\cxx-framework\src\traditional\proc\p18f24j50.asm
                   ODCON1   0x000f42       data     extern E:\MPASM_MPLINK_PIC18_LT_Branch_3_42\pic18-lt\cxx-framework\src\traditional\proc\p18f24j50.asm
               ODCON1bits   0x000f42       data     extern E:\MPASM_MPLINK_PIC18_LT_Branch_3_42\pic18-lt\cxx-framework\src\traditional\proc\p18f24j50.asm
                   ODCON2   0x000f41       data     extern E:\MPASM_MPLINK_PIC18_LT_Branch_3_42\pic18-lt\cxx-framework\src\traditional\proc\p18f24j50.asm
               ODCON2bits   0x000f41       data     extern E:\MPASM_MPLINK_PIC18_LT_Branch_3_42\pic18-lt\cxx-framework\src\traditional\proc\p18f24j50.asm
                   ODCON3   0x000f40       data     extern E:\MPASM_MPLINK_PIC18_LT_Branch_3_42\pic18-lt\cxx-framework\src\traditional\proc\p18f24j50.asm
               ODCON3bits   0x000f40       data     extern E:\MPASM_MPLINK_PIC18_LT_Branch_3_42\pic18-lt\cxx-framework\src\traditional\proc\p18f24j50.asm
                   OSCCON   0x000fd3       data     extern E:\MPASM_MPLINK_PIC18_LT_Branch_3_42\pic18-lt\cxx-framework\src\traditional\proc\p18f24j50.asm
               OSCCONbits   0x000fd3       data     extern E:\MPASM_MPLINK_PIC18_LT_Branch_3_42\pic18-lt\cxx-framework\src\traditional\proc\p18f24j50.asm
                  OSCTUNE   0x000f9b       data     extern E:\MPASM_MPLINK_PIC18_LT_Branch_3_42\pic18-lt\cxx-framework\src\traditional\proc\p18f24j50.asm
              OSCTUNEbits   0x000f9b       data     extern E:\MPASM_MPLINK_PIC18_LT_Branch_3_42\pic18-lt\cxx-framework\src\traditional\proc\p18f24j50.asm
                  PADCFG1   0x000f3c       data     extern E:\MPASM_MPLINK_PIC18_LT_Branch_3_42\pic18-lt\cxx-framework\src\traditional\proc\p18f24j50.asm
              PADCFG1bits   0x000f3c       data     extern E:\MPASM_MPLINK_PIC18_LT_Branch_3_42\pic18-lt\cxx-framework\src\traditional\proc\p18f24j50.asm
                       PC   0x000ff9       data     extern E:\MPASM_MPLINK_PIC18_LT_Branch_3_42\pic18-lt\cxx-framework\src\traditional\proc\p18f24j50.asm
                      PCL   0x000ff9       data     extern E:\MPASM_MPLINK_PIC18_LT_Branch_3_42\pic18-lt\cxx-framework\src\traditional\proc\p18f24j50.asm
                   PCLATH   0x000ffa       data     extern E:\MPASM_MPLINK_PIC18_LT_Branch_3_42\pic18-lt\cxx-framework\src\traditional\proc\p18f24j50.asm
                   PCLATU   0x000ffb       data     extern E:\MPASM_MPLINK_PIC18_LT_Branch_3_42\pic18-lt\cxx-framework\src\traditional\proc\p18f24j50.asm
                     PIE1   0x000f9d       data     extern E:\MPASM_MPLINK_PIC18_LT_Branch_3_42\pic18-lt\cxx-framework\src\traditional\proc\p18f24j50.asm
                 PIE1bits   0x000f9d       data     extern E:\MPASM_MPLINK_PIC18_LT_Branch_3_42\pic18-lt\cxx-framework\src\traditional\proc\p18f24j50.asm
                     PIE2   0x000fa0       data     extern E:\MPASM_MPLINK_PIC18_LT_Branch_3_42\pic18-lt\cxx-framework\src\traditional\proc\p18f24j50.asm
                 PIE2bits   0x000fa0       data     extern E:\MPASM_MPLINK_PIC18_LT_Branch_3_42\pic18-lt\cxx-framework\src\traditional\proc\p18f24j50.asm
                     PIE3   0x000fa3       data     extern E:\MPASM_MPLINK_PIC18_LT_Branch_3_42\pic18-lt\cxx-framework\src\traditional\proc\p18f24j50.asm
                 PIE3bits   0x000fa3       data     extern E:\MPASM_MPLINK_PIC18_LT_Branch_3_42\pic18-lt\cxx-framework\src\traditional\proc\p18f24j50.asm
                     PIR1   0x000f9e       data     extern E:\MPASM_MPLINK_PIC18_LT_Branch_3_42\pic18-lt\cxx-framework\src\traditional\proc\p18f24j50.asm
                 PIR1bits   0x000f9e       data     extern E:\MPASM_MPLINK_PIC18_LT_Branch_3_42\pic18-lt\cxx-framework\src\traditional\proc\p18f24j50.asm
                     PIR2   0x000fa1       data     extern E:\MPASM_MPLINK_PIC18_LT_Branch_3_42\pic18-lt\cxx-framework\src\traditional\proc\p18f24j50.asm
                 PIR2bits   0x000fa1       data     extern E:\MPASM_MPLINK_PIC18_LT_Branch_3_42\pic18-lt\cxx-framework\src\traditional\proc\p18f24j50.asm
                     PIR3   0x000fa4       data     extern E:\MPASM_MPLINK_PIC18_LT_Branch_3_42\pic18-lt\cxx-framework\src\traditional\proc\p18f24j50.asm
                 PIR3bits   0x000fa4       data     extern E:\MPASM_MPLINK_PIC18_LT_Branch_3_42\pic18-lt\cxx-framework\src\traditional\proc\p18f24j50.asm
                   PLUSW0   0x000feb       data     extern E:\MPASM_MPLINK_PIC18_LT_Branch_3_42\pic18-lt\cxx-framework\src\traditional\proc\p18f24j50.asm
                   PLUSW1   0x000fe3       data     extern E:\MPASM_MPLINK_PIC18_LT_Branch_3_42\pic18-lt\cxx-framework\src\traditional\proc\p18f24j50.asm
                   PLUSW2   0x000fdb       data     extern E:\MPASM_MPLINK_PIC18_LT_Branch_3_42\pic18-lt\cxx-framework\src\traditional\proc\p18f24j50.asm
                    PORTA   0x000f80       data     extern E:\MPASM_MPLINK_PIC18_LT_Branch_3_42\pic18-lt\cxx-framework\src\traditional\proc\p18f24j50.asm
                PORTAbits   0x000f80       data     extern E:\MPASM_MPLINK_PIC18_LT_Branch_3_42\pic18-lt\cxx-framework\src\traditional\proc\p18f24j50.asm
                    PORTB   0x000f81       data     extern E:\MPASM_MPLINK_PIC18_LT_Branch_3_42\pic18-lt\cxx-framework\src\traditional\proc\p18f24j50.asm
                PORTBbits   0x000f81       data     extern E:\MPASM_MPLINK_PIC18_LT_Branch_3_42\pic18-lt\cxx-framework\src\traditional\proc\p18f24j50.asm
                    PORTC   0x000f82       data     extern E:\MPASM_MPLINK_PIC18_LT_Branch_3_42\pic18-lt\cxx-framework\src\traditional\proc\p18f24j50.asm
                PORTCbits   0x000f82       data     extern E:\MPASM_MPLINK_PIC18_LT_Branch_3_42\pic18-lt\cxx-framework\src\traditional\proc\p18f24j50.asm
                 POSTDEC0   0x000fed       data     extern E:\MPASM_MPLINK_PIC18_LT_Branch_3_42\pic18-lt\cxx-framework\src\traditional\proc\p18f24j50.asm
                 POSTDEC1   0x000fe5       data     extern E:\MPASM_MPLINK_PIC18_LT_Branch_3_42\pic18-lt\cxx-framework\src\traditional\proc\p18f24j50.asm
                 POSTDEC2   0x000fdd       data     extern E:\MPASM_MPLINK_PIC18_LT_Branch_3_42\pic18-lt\cxx-framework\src\traditional\proc\p18f24j50.asm
                 POSTINC0   0x000fee       data     extern E:\MPASM_MPLINK_PIC18_LT_Branch_3_42\pic18-lt\cxx-framework\src\traditional\proc\p18f24j50.asm
                 POSTINC1   0x000fe6       data     extern E:\MPASM_MPLINK_PIC18_LT_Branch_3_42\pic18-lt\cxx-framework\src\traditional\proc\p18f24j50.asm
                 POSTINC2   0x000fde       data     extern E:\MPASM_MPLINK_PIC18_LT_Branch_3_42\pic18-lt\cxx-framework\src\traditional\proc\p18f24j50.asm
                   PPSCON   0x000eff       data     extern E:\MPASM_MPLINK_PIC18_LT_Branch_3_42\pic18-lt\cxx-framework\src\traditional\proc\p18f24j50.asm
               PPSCONbits   0x000eff       data     extern E:\MPASM_MPLINK_PIC18_LT_Branch_3_42\pic18-lt\cxx-framework\src\traditional\proc\p18f24j50.asm
                      PR2   0x000fcb       data     extern E:\MPASM_MPLINK_PIC18_LT_Branch_3_42\pic18-lt\cxx-framework\src\traditional\proc\p18f24j50.asm
                      PR4   0x000f77       data     extern E:\MPASM_MPLINK_PIC18_LT_Branch_3_42\pic18-lt\cxx-framework\src\traditional\proc\p18f24j50.asm
                  PREINC0   0x000fec       data     extern E:\MPASM_MPLINK_PIC18_LT_Branch_3_42\pic18-lt\cxx-framework\src\traditional\proc\p18f24j50.asm
                  PREINC1   0x000fe4       data     extern E:\MPASM_MPLINK_PIC18_LT_Branch_3_42\pic18-lt\cxx-framework\src\traditional\proc\p18f24j50.asm
                  PREINC2   0x000fdc       data     extern E:\MPASM_MPLINK_PIC18_LT_Branch_3_42\pic18-lt\cxx-framework\src\traditional\proc\p18f24j50.asm
                     PROD   0x000ff3       data     extern E:\MPASM_MPLINK_PIC18_LT_Branch_3_42\pic18-lt\cxx-framework\src\traditional\proc\p18f24j50.asm
                    PRODH   0x000ff4       data     extern E:\MPASM_MPLINK_PIC18_LT_Branch_3_42\pic18-lt\cxx-framework\src\traditional\proc\p18f24j50.asm
                    PRODL   0x000ff3       data     extern E:\MPASM_MPLINK_PIC18_LT_Branch_3_42\pic18-lt\cxx-framework\src\traditional\proc\p18f24j50.asm
                 PSTR1CON   0x000fbf       data     extern E:\MPASM_MPLINK_PIC18_LT_Branch_3_42\pic18-lt\cxx-framework\src\traditional\proc\p18f24j50.asm
             PSTR1CONbits   0x000fbf       data     extern E:\MPASM_MPLINK_PIC18_LT_Branch_3_42\pic18-lt\cxx-framework\src\traditional\proc\p18f24j50.asm
                 PSTR2CON   0x000fb9       data     extern E:\MPASM_MPLINK_PIC18_LT_Branch_3_42\pic18-lt\cxx-framework\src\traditional\proc\p18f24j50.asm
             PSTR2CONbits   0x000fb9       data     extern E:\MPASM_MPLINK_PIC18_LT_Branch_3_42\pic18-lt\cxx-framework\src\traditional\proc\p18f24j50.asm
                  PWM1CON   0x000fbd       data     extern E:\MPASM_MPLINK_PIC18_LT_Branch_3_42\pic18-lt\cxx-framework\src\traditional\proc\p18f24j50.asm
              PWM1CONbits   0x000fbd       data     extern E:\MPASM_MPLINK_PIC18_LT_Branch_3_42\pic18-lt\cxx-framework\src\traditional\proc\p18f24j50.asm
                  PWM2CON   0x000fb7       data     extern E:\MPASM_MPLINK_PIC18_LT_Branch_3_42\pic18-lt\cxx-framework\src\traditional\proc\p18f24j50.asm
              PWM2CONbits   0x000fb7       data     extern E:\MPASM_MPLINK_PIC18_LT_Branch_3_42\pic18-lt\cxx-framework\src\traditional\proc\p18f24j50.asm
                     RCON   0x000fd0       data     extern E:\MPASM_MPLINK_PIC18_LT_Branch_3_42\pic18-lt\cxx-framework\src\traditional\proc\p18f24j50.asm
                 RCONbits   0x000fd0       data     extern E:\MPASM_MPLINK_PIC18_LT_Branch_3_42\pic18-lt\cxx-framework\src\traditional\proc\p18f24j50.asm
                    RCREG   0x000faf       data     extern E:\MPASM_MPLINK_PIC18_LT_Branch_3_42\pic18-lt\cxx-framework\src\traditional\proc\p18f24j50.asm
                   RCREG1   0x000faf       data     extern E:\MPASM_MPLINK_PIC18_LT_Branch_3_42\pic18-lt\cxx-framework\src\traditional\proc\p18f24j50.asm
                   RCREG2   0x000faa       data     extern E:\MPASM_MPLINK_PIC18_LT_Branch_3_42\pic18-lt\cxx-framework\src\traditional\proc\p18f24j50.asm
                    RCSTA   0x000fac       data     extern E:\MPASM_MPLINK_PIC18_LT_Branch_3_42\pic18-lt\cxx-framework\src\traditional\proc\p18f24j50.asm
                   RCSTA1   0x000fac       data     extern E:\MPASM_MPLINK_PIC18_LT_Branch_3_42\pic18-lt\cxx-framework\src\traditional\proc\p18f24j50.asm
               RCSTA1bits   0x000fac       data     extern E:\MPASM_MPLINK_PIC18_LT_Branch_3_42\pic18-lt\cxx-framework\src\traditional\proc\p18f24j50.asm
                   RCSTA2   0x000f9c       data     extern E:\MPASM_MPLINK_PIC18_LT_Branch_3_42\pic18-lt\cxx-framework\src\traditional\proc\p18f24j50.asm
               RCSTA2bits   0x000f9c       data     extern E:\MPASM_MPLINK_PIC18_LT_Branch_3_42\pic18-lt\cxx-framework\src\traditional\proc\p18f24j50.asm
                RCSTAbits   0x000fac       data     extern E:\MPASM_MPLINK_PIC18_LT_Branch_3_42\pic18-lt\cxx-framework\src\traditional\proc\p18f24j50.asm
                  REFOCON   0x000f3d       data     extern E:\MPASM_MPLINK_PIC18_LT_Branch_3_42\pic18-lt\cxx-framework\src\traditional\proc\p18f24j50.asm
              REFOCONbits   0x000f3d       data     extern E:\MPASM_MPLINK_PIC18_LT_Branch_3_42\pic18-lt\cxx-framework\src\traditional\proc\p18f24j50.asm
                   RPINR1   0x000ee7       data     extern E:\MPASM_MPLINK_PIC18_LT_Branch_3_42\pic18-lt\cxx-framework\src\traditional\proc\p18f24j50.asm
                  RPINR12   0x000ef2       data     extern E:\MPASM_MPLINK_PIC18_LT_Branch_3_42\pic18-lt\cxx-framework\src\traditional\proc\p18f24j50.asm
                  RPINR13   0x000ef3       data     extern E:\MPASM_MPLINK_PIC18_LT_Branch_3_42\pic18-lt\cxx-framework\src\traditional\proc\p18f24j50.asm
                  RPINR16   0x000ef6       data     extern E:\MPASM_MPLINK_PIC18_LT_Branch_3_42\pic18-lt\cxx-framework\src\traditional\proc\p18f24j50.asm
                  RPINR17   0x000ef7       data     extern E:\MPASM_MPLINK_PIC18_LT_Branch_3_42\pic18-lt\cxx-framework\src\traditional\proc\p18f24j50.asm
                   RPINR2   0x000ee8       data     extern E:\MPASM_MPLINK_PIC18_LT_Branch_3_42\pic18-lt\cxx-framework\src\traditional\proc\p18f24j50.asm
                  RPINR21   0x000efb       data     extern E:\MPASM_MPLINK_PIC18_LT_Branch_3_42\pic18-lt\cxx-framework\src\traditional\proc\p18f24j50.asm
                  RPINR22   0x000efc       data     extern E:\MPASM_MPLINK_PIC18_LT_Branch_3_42\pic18-lt\cxx-framework\src\traditional\proc\p18f24j50.asm
                  RPINR23   0x000efd       data     extern E:\MPASM_MPLINK_PIC18_LT_Branch_3_42\pic18-lt\cxx-framework\src\traditional\proc\p18f24j50.asm
                  RPINR24   0x000efe       data     extern E:\MPASM_MPLINK_PIC18_LT_Branch_3_42\pic18-lt\cxx-framework\src\traditional\proc\p18f24j50.asm
                   RPINR3   0x000ee9       data     extern E:\MPASM_MPLINK_PIC18_LT_Branch_3_42\pic18-lt\cxx-framework\src\traditional\proc\p18f24j50.asm
                   RPINR4   0x000eea       data     extern E:\MPASM_MPLINK_PIC18_LT_Branch_3_42\pic18-lt\cxx-framework\src\traditional\proc\p18f24j50.asm
                   RPINR6   0x000eec       data     extern E:\MPASM_MPLINK_PIC18_LT_Branch_3_42\pic18-lt\cxx-framework\src\traditional\proc\p18f24j50.asm
                   RPINR7   0x000eed       data     extern E:\MPASM_MPLINK_PIC18_LT_Branch_3_42\pic18-lt\cxx-framework\src\traditional\proc\p18f24j50.asm
                   RPINR8   0x000eee       data     extern E:\MPASM_MPLINK_PIC18_LT_Branch_3_42\pic18-lt\cxx-framework\src\traditional\proc\p18f24j50.asm
                    RPOR0   0x000ec6       data     extern E:\MPASM_MPLINK_PIC18_LT_Branch_3_42\pic18-lt\cxx-framework\src\traditional\proc\p18f24j50.asm
                    RPOR1   0x000ec7       data     extern E:\MPASM_MPLINK_PIC18_LT_Branch_3_42\pic18-lt\cxx-framework\src\traditional\proc\p18f24j50.asm
                   RPOR10   0x000ed0       data     extern E:\MPASM_MPLINK_PIC18_LT_Branch_3_42\pic18-lt\cxx-framework\src\traditional\proc\p18f24j50.asm
                   RPOR11   0x000ed1       data     extern E:\MPASM_MPLINK_PIC18_LT_Branch_3_42\pic18-lt\cxx-framework\src\traditional\proc\p18f24j50.asm
                   RPOR12   0x000ed2       data     extern E:\MPASM_MPLINK_PIC18_LT_Branch_3_42\pic18-lt\cxx-framework\src\traditional\proc\p18f24j50.asm
                   RPOR13   0x000ed3       data     extern E:\MPASM_MPLINK_PIC18_LT_Branch_3_42\pic18-lt\cxx-framework\src\traditional\proc\p18f24j50.asm
                   RPOR17   0x000ed7       data     extern E:\MPASM_MPLINK_PIC18_LT_Branch_3_42\pic18-lt\cxx-framework\src\traditional\proc\p18f24j50.asm
                   RPOR18   0x000ed8       data     extern E:\MPASM_MPLINK_PIC18_LT_Branch_3_42\pic18-lt\cxx-framework\src\traditional\proc\p18f24j50.asm
                    RPOR2   0x000ec8       data     extern E:\MPASM_MPLINK_PIC18_LT_Branch_3_42\pic18-lt\cxx-framework\src\traditional\proc\p18f24j50.asm
                    RPOR3   0x000ec9       data     extern E:\MPASM_MPLINK_PIC18_LT_Branch_3_42\pic18-lt\cxx-framework\src\traditional\proc\p18f24j50.asm
                    RPOR4   0x000eca       data     extern E:\MPASM_MPLINK_PIC18_LT_Branch_3_42\pic18-lt\cxx-framework\src\traditional\proc\p18f24j50.asm
                    RPOR5   0x000ecb       data     extern E:\MPASM_MPLINK_PIC18_LT_Branch_3_42\pic18-lt\cxx-framework\src\traditional\proc\p18f24j50.asm
                    RPOR6   0x000ecc       data     extern E:\MPASM_MPLINK_PIC18_LT_Branch_3_42\pic18-lt\cxx-framework\src\traditional\proc\p18f24j50.asm
                    RPOR7   0x000ecd       data     extern E:\MPASM_MPLINK_PIC18_LT_Branch_3_42\pic18-lt\cxx-framework\src\traditional\proc\p18f24j50.asm
                    RPOR8   0x000ece       data     extern E:\MPASM_MPLINK_PIC18_LT_Branch_3_42\pic18-lt\cxx-framework\src\traditional\proc\p18f24j50.asm
                    RPOR9   0x000ecf       data     extern E:\MPASM_MPLINK_PIC18_LT_Branch_3_42\pic18-lt\cxx-framework\src\traditional\proc\p18f24j50.asm
                   RTCCAL   0x000f3e       data     extern E:\MPASM_MPLINK_PIC18_LT_Branch_3_42\pic18-lt\cxx-framework\src\traditional\proc\p18f24j50.asm
               RTCCALbits   0x000f3e       data     extern E:\MPASM_MPLINK_PIC18_LT_Branch_3_42\pic18-lt\cxx-framework\src\traditional\proc\p18f24j50.asm
                   RTCCFG   0x000f3f       data     extern E:\MPASM_MPLINK_PIC18_LT_Branch_3_42\pic18-lt\cxx-framework\src\traditional\proc\p18f24j50.asm
               RTCCFGbits   0x000f3f       data     extern E:\MPASM_MPLINK_PIC18_LT_Branch_3_42\pic18-lt\cxx-framework\src\traditional\proc\p18f24j50.asm
                  RTCVALH   0x000f99       data     extern E:\MPASM_MPLINK_PIC18_LT_Branch_3_42\pic18-lt\cxx-framework\src\traditional\proc\p18f24j50.asm
                  RTCVALL   0x000f98       data     extern E:\MPASM_MPLINK_PIC18_LT_Branch_3_42\pic18-lt\cxx-framework\src\traditional\proc\p18f24j50.asm
                  RXADDRH   0x000f68       data     extern E:\MPASM_MPLINK_PIC18_LT_Branch_3_42\pic18-lt\cxx-framework\src\traditional\proc\p18f24j50.asm
              RXADDRHbits   0x000f68       data     extern E:\MPASM_MPLINK_PIC18_LT_Branch_3_42\pic18-lt\cxx-framework\src\traditional\proc\p18f24j50.asm
                  RXADDRL   0x000f69       data     extern E:\MPASM_MPLINK_PIC18_LT_Branch_3_42\pic18-lt\cxx-framework\src\traditional\proc\p18f24j50.asm
                 RxLength   0x0000fb       data     extern D:\Work\AD-FMCOMMS1-EBZ\SPI_Master.c
                     SIGN   0x000000       data     extern E:\MPASM_MPLINK_PIC18_LT_Branch_3_42\pic18-lt\cxx-framework\src\traditional\math\cmath18.asm
                    SPBRG   0x000fb0       data     extern E:\MPASM_MPLINK_PIC18_LT_Branch_3_42\pic18-lt\cxx-framework\src\traditional\proc\p18f24j50.asm
                   SPBRG1   0x000fb0       data     extern E:\MPASM_MPLINK_PIC18_LT_Branch_3_42\pic18-lt\cxx-framework\src\traditional\proc\p18f24j50.asm
                   SPBRG2   0x000fab       data     extern E:\MPASM_MPLINK_PIC18_LT_Branch_3_42\pic18-lt\cxx-framework\src\traditional\proc\p18f24j50.asm
                   SPBRGH   0x000f7f       data     extern E:\MPASM_MPLINK_PIC18_LT_Branch_3_42\pic18-lt\cxx-framework\src\traditional\proc\p18f24j50.asm
                  SPBRGH1   0x000f7f       data     extern E:\MPASM_MPLINK_PIC18_LT_Branch_3_42\pic18-lt\cxx-framework\src\traditional\proc\p18f24j50.asm
                  SPBRGH2   0x000f7d       data     extern E:\MPASM_MPLINK_PIC18_LT_Branch_3_42\pic18-lt\cxx-framework\src\traditional\proc\p18f24j50.asm
                  SSP1ADD   0x000fc8       data     extern E:\MPASM_MPLINK_PIC18_LT_Branch_3_42\pic18-lt\cxx-framework\src\traditional\proc\p18f24j50.asm
              SSP1ADDbits   0x000fc8       data     extern E:\MPASM_MPLINK_PIC18_LT_Branch_3_42\pic18-lt\cxx-framework\src\traditional\proc\p18f24j50.asm
                  SSP1BUF   0x000fc9       data     extern E:\MPASM_MPLINK_PIC18_LT_Branch_3_42\pic18-lt\cxx-framework\src\traditional\proc\p18f24j50.asm
                 SSP1CON1   0x000fc6       data     extern E:\MPASM_MPLINK_PIC18_LT_Branch_3_42\pic18-lt\cxx-framework\src\traditional\proc\p18f24j50.asm
             SSP1CON1bits   0x000fc6       data     extern E:\MPASM_MPLINK_PIC18_LT_Branch_3_42\pic18-lt\cxx-framework\src\traditional\proc\p18f24j50.asm
                 SSP1CON2   0x000fc5       data     extern E:\MPASM_MPLINK_PIC18_LT_Branch_3_42\pic18-lt\cxx-framework\src\traditional\proc\p18f24j50.asm
             SSP1CON2bits   0x000fc5       data     extern E:\MPASM_MPLINK_PIC18_LT_Branch_3_42\pic18-lt\cxx-framework\src\traditional\proc\p18f24j50.asm
                 SSP1STAT   0x000fc7       data     extern E:\MPASM_MPLINK_PIC18_LT_Branch_3_42\pic18-lt\cxx-framework\src\traditional\proc\p18f24j50.asm
             SSP1STATbits   0x000fc7       data     extern E:\MPASM_MPLINK_PIC18_LT_Branch_3_42\pic18-lt\cxx-framework\src\traditional\proc\p18f24j50.asm
                  SSP2ADD   0x000f74       data     extern E:\MPASM_MPLINK_PIC18_LT_Branch_3_42\pic18-lt\cxx-framework\src\traditional\proc\p18f24j50.asm
              SSP2ADDbits   0x000f74       data     extern E:\MPASM_MPLINK_PIC18_LT_Branch_3_42\pic18-lt\cxx-framework\src\traditional\proc\p18f24j50.asm
                  SSP2BUF   0x000f75       data     extern E:\MPASM_MPLINK_PIC18_LT_Branch_3_42\pic18-lt\cxx-framework\src\traditional\proc\p18f24j50.asm
                 SSP2CON1   0x000f72       data     extern E:\MPASM_MPLINK_PIC18_LT_Branch_3_42\pic18-lt\cxx-framework\src\traditional\proc\p18f24j50.asm
             SSP2CON1bits   0x000f72       data     extern E:\MPASM_MPLINK_PIC18_LT_Branch_3_42\pic18-lt\cxx-framework\src\traditional\proc\p18f24j50.asm
                 SSP2CON2   0x000f71       data     extern E:\MPASM_MPLINK_PIC18_LT_Branch_3_42\pic18-lt\cxx-framework\src\traditional\proc\p18f24j50.asm
             SSP2CON2bits   0x000f71       data     extern E:\MPASM_MPLINK_PIC18_LT_Branch_3_42\pic18-lt\cxx-framework\src\traditional\proc\p18f24j50.asm
                 SSP2STAT   0x000f73       data     extern E:\MPASM_MPLINK_PIC18_LT_Branch_3_42\pic18-lt\cxx-framework\src\traditional\proc\p18f24j50.asm
             SSP2STATbits   0x000f73       data     extern E:\MPASM_MPLINK_PIC18_LT_Branch_3_42\pic18-lt\cxx-framework\src\traditional\proc\p18f24j50.asm
                   SSPADD   0x000fc8       data     extern E:\MPASM_MPLINK_PIC18_LT_Branch_3_42\pic18-lt\cxx-framework\src\traditional\proc\p18f24j50.asm
               SSPADDbits   0x000fc8       data     extern E:\MPASM_MPLINK_PIC18_LT_Branch_3_42\pic18-lt\cxx-framework\src\traditional\proc\p18f24j50.asm
                   SSPBUF   0x000fc9       data     extern E:\MPASM_MPLINK_PIC18_LT_Branch_3_42\pic18-lt\cxx-framework\src\traditional\proc\p18f24j50.asm
                  SSPCON1   0x000fc6       data     extern E:\MPASM_MPLINK_PIC18_LT_Branch_3_42\pic18-lt\cxx-framework\src\traditional\proc\p18f24j50.asm
              SSPCON1bits   0x000fc6       data     extern E:\MPASM_MPLINK_PIC18_LT_Branch_3_42\pic18-lt\cxx-framework\src\traditional\proc\p18f24j50.asm
                  SSPCON2   0x000fc5       data     extern E:\MPASM_MPLINK_PIC18_LT_Branch_3_42\pic18-lt\cxx-framework\src\traditional\proc\p18f24j50.asm
              SSPCON2bits   0x000fc5       data     extern E:\MPASM_MPLINK_PIC18_LT_Branch_3_42\pic18-lt\cxx-framework\src\traditional\proc\p18f24j50.asm
                  SSPSTAT   0x000fc7       data     extern E:\MPASM_MPLINK_PIC18_LT_Branch_3_42\pic18-lt\cxx-framework\src\traditional\proc\p18f24j50.asm
              SSPSTATbits   0x000fc7       data     extern E:\MPASM_MPLINK_PIC18_LT_Branch_3_42\pic18-lt\cxx-framework\src\traditional\proc\p18f24j50.asm
                   STATUS   0x000fd8       data     extern E:\MPASM_MPLINK_PIC18_LT_Branch_3_42\pic18-lt\cxx-framework\src\traditional\proc\p18f24j50.asm
               STATUSbits   0x000fd8       data     extern E:\MPASM_MPLINK_PIC18_LT_Branch_3_42\pic18-lt\cxx-framework\src\traditional\proc\p18f24j50.asm
                   STKPTR   0x000ffc       data     extern E:\MPASM_MPLINK_PIC18_LT_Branch_3_42\pic18-lt\cxx-framework\src\traditional\proc\p18f24j50.asm
               STKPTRbits   0x000ffc       data     extern E:\MPASM_MPLINK_PIC18_LT_Branch_3_42\pic18-lt\cxx-framework\src\traditional\proc\p18f24j50.asm
                    T0CON   0x000fd5       data     extern E:\MPASM_MPLINK_PIC18_LT_Branch_3_42\pic18-lt\cxx-framework\src\traditional\proc\p18f24j50.asm
                T0CONbits   0x000fd5       data     extern E:\MPASM_MPLINK_PIC18_LT_Branch_3_42\pic18-lt\cxx-framework\src\traditional\proc\p18f24j50.asm
                    T1CON   0x000fcd       data     extern E:\MPASM_MPLINK_PIC18_LT_Branch_3_42\pic18-lt\cxx-framework\src\traditional\proc\p18f24j50.asm
                T1CONbits   0x000fcd       data     extern E:\MPASM_MPLINK_PIC18_LT_Branch_3_42\pic18-lt\cxx-framework\src\traditional\proc\p18f24j50.asm
                   T1GCON   0x000f9a       data     extern E:\MPASM_MPLINK_PIC18_LT_Branch_3_42\pic18-lt\cxx-framework\src\traditional\proc\p18f24j50.asm
               T1GCONbits   0x000f9a       data     extern E:\MPASM_MPLINK_PIC18_LT_Branch_3_42\pic18-lt\cxx-framework\src\traditional\proc\p18f24j50.asm
                    T2CON   0x000fca       data     extern E:\MPASM_MPLINK_PIC18_LT_Branch_3_42\pic18-lt\cxx-framework\src\traditional\proc\p18f24j50.asm
                T2CONbits   0x000fca       data     extern E:\MPASM_MPLINK_PIC18_LT_Branch_3_42\pic18-lt\cxx-framework\src\traditional\proc\p18f24j50.asm
                    T3CON   0x000f79       data     extern E:\MPASM_MPLINK_PIC18_LT_Branch_3_42\pic18-lt\cxx-framework\src\traditional\proc\p18f24j50.asm
                T3CONbits   0x000f79       data     extern E:\MPASM_MPLINK_PIC18_LT_Branch_3_42\pic18-lt\cxx-framework\src\traditional\proc\p18f24j50.asm
                   T3GCON   0x000f97       data     extern E:\MPASM_MPLINK_PIC18_LT_Branch_3_42\pic18-lt\cxx-framework\src\traditional\proc\p18f24j50.asm
               T3GCONbits   0x000f97       data     extern E:\MPASM_MPLINK_PIC18_LT_Branch_3_42\pic18-lt\cxx-framework\src\traditional\proc\p18f24j50.asm
                    T4CON   0x000f76       data     extern E:\MPASM_MPLINK_PIC18_LT_Branch_3_42\pic18-lt\cxx-framework\src\traditional\proc\p18f24j50.asm
                T4CONbits   0x000f76       data     extern E:\MPASM_MPLINK_PIC18_LT_Branch_3_42\pic18-lt\cxx-framework\src\traditional\proc\p18f24j50.asm
                   TABLAT   0x000ff5       data     extern E:\MPASM_MPLINK_PIC18_LT_Branch_3_42\pic18-lt\cxx-framework\src\traditional\proc\p18f24j50.asm
                   TBLPTR   0x000ff6       data     extern E:\MPASM_MPLINK_PIC18_LT_Branch_3_42\pic18-lt\cxx-framework\src\traditional\proc\p18f24j50.asm
                  TBLPTRH   0x000ff7       data     extern E:\MPASM_MPLINK_PIC18_LT_Branch_3_42\pic18-lt\cxx-framework\src\traditional\proc\p18f24j50.asm
                  TBLPTRL   0x000ff6       data     extern E:\MPASM_MPLINK_PIC18_LT_Branch_3_42\pic18-lt\cxx-framework\src\traditional\proc\p18f24j50.asm
                  TBLPTRU   0x000ff8       data     extern E:\MPASM_MPLINK_PIC18_LT_Branch_3_42\pic18-lt\cxx-framework\src\traditional\proc\p18f24j50.asm
                  TCLKCON   0x000f52       data     extern E:\MPASM_MPLINK_PIC18_LT_Branch_3_42\pic18-lt\cxx-framework\src\traditional\proc\p18f24j50.asm
              TCLKCONbits   0x000f52       data     extern E:\MPASM_MPLINK_PIC18_LT_Branch_3_42\pic18-lt\cxx-framework\src\traditional\proc\p18f24j50.asm
                    TMR0H   0x000fd7       data     extern E:\MPASM_MPLINK_PIC18_LT_Branch_3_42\pic18-lt\cxx-framework\src\traditional\proc\p18f24j50.asm
                    TMR0L   0x000fd6       data     extern E:\MPASM_MPLINK_PIC18_LT_Branch_3_42\pic18-lt\cxx-framework\src\traditional\proc\p18f24j50.asm
                    TMR1H   0x000fcf       data     extern E:\MPASM_MPLINK_PIC18_LT_Branch_3_42\pic18-lt\cxx-framework\src\traditional\proc\p18f24j50.asm
                    TMR1L   0x000fce       data     extern E:\MPASM_MPLINK_PIC18_LT_Branch_3_42\pic18-lt\cxx-framework\src\traditional\proc\p18f24j50.asm
                     TMR2   0x000fcc       data     extern E:\MPASM_MPLINK_PIC18_LT_Branch_3_42\pic18-lt\cxx-framework\src\traditional\proc\p18f24j50.asm
                    TMR3H   0x000f7b       data     extern E:\MPASM_MPLINK_PIC18_LT_Branch_3_42\pic18-lt\cxx-framework\src\traditional\proc\p18f24j50.asm
                    TMR3L   0x000f7a       data     extern E:\MPASM_MPLINK_PIC18_LT_Branch_3_42\pic18-lt\cxx-framework\src\traditional\proc\p18f24j50.asm
                     TMR4   0x000f78       data     extern E:\MPASM_MPLINK_PIC18_LT_Branch_3_42\pic18-lt\cxx-framework\src\traditional\proc\p18f24j50.asm
                      TOS   0x000ffd       data     extern E:\MPASM_MPLINK_PIC18_LT_Branch_3_42\pic18-lt\cxx-framework\src\traditional\proc\p18f24j50.asm
                     TOSH   0x000ffe       data     extern E:\MPASM_MPLINK_PIC18_LT_Branch_3_42\pic18-lt\cxx-framework\src\traditional\proc\p18f24j50.asm
                     TOSL   0x000ffd       data     extern E:\MPASM_MPLINK_PIC18_LT_Branch_3_42\pic18-lt\cxx-framework\src\traditional\proc\p18f24j50.asm
                     TOSU   0x000fff       data     extern E:\MPASM_MPLINK_PIC18_LT_Branch_3_42\pic18-lt\cxx-framework\src\traditional\proc\p18f24j50.asm
                    TRISA   0x000f92       data     extern E:\MPASM_MPLINK_PIC18_LT_Branch_3_42\pic18-lt\cxx-framework\src\traditional\proc\p18f24j50.asm
                TRISAbits   0x000f92       data     extern E:\MPASM_MPLINK_PIC18_LT_Branch_3_42\pic18-lt\cxx-framework\src\traditional\proc\p18f24j50.asm
                    TRISB   0x000f93       data     extern E:\MPASM_MPLINK_PIC18_LT_Branch_3_42\pic18-lt\cxx-framework\src\traditional\proc\p18f24j50.asm
                TRISBbits   0x000f93       data     extern E:\MPASM_MPLINK_PIC18_LT_Branch_3_42\pic18-lt\cxx-framework\src\traditional\proc\p18f24j50.asm
                    TRISC   0x000f94       data     extern E:\MPASM_MPLINK_PIC18_LT_Branch_3_42\pic18-lt\cxx-framework\src\traditional\proc\p18f24j50.asm
                TRISCbits   0x000f94       data     extern E:\MPASM_MPLINK_PIC18_LT_Branch_3_42\pic18-lt\cxx-framework\src\traditional\proc\p18f24j50.asm
                  TXADDRH   0x000f6a       data     extern E:\MPASM_MPLINK_PIC18_LT_Branch_3_42\pic18-lt\cxx-framework\src\traditional\proc\p18f24j50.asm
              TXADDRHbits   0x000f6a       data     extern E:\MPASM_MPLINK_PIC18_LT_Branch_3_42\pic18-lt\cxx-framework\src\traditional\proc\p18f24j50.asm
                  TXADDRL   0x000f6b       data     extern E:\MPASM_MPLINK_PIC18_LT_Branch_3_42\pic18-lt\cxx-framework\src\traditional\proc\p18f24j50.asm
                    TXREG   0x000fae       data     extern E:\MPASM_MPLINK_PIC18_LT_Branch_3_42\pic18-lt\cxx-framework\src\traditional\proc\p18f24j50.asm
                   TXREG1   0x000fae       data     extern E:\MPASM_MPLINK_PIC18_LT_Branch_3_42\pic18-lt\cxx-framework\src\traditional\proc\p18f24j50.asm
                   TXREG2   0x000fa9       data     extern E:\MPASM_MPLINK_PIC18_LT_Branch_3_42\pic18-lt\cxx-framework\src\traditional\proc\p18f24j50.asm
                    TXSTA   0x000fad       data     extern E:\MPASM_MPLINK_PIC18_LT_Branch_3_42\pic18-lt\cxx-framework\src\traditional\proc\p18f24j50.asm
                   TXSTA1   0x000fad       data     extern E:\MPASM_MPLINK_PIC18_LT_Branch_3_42\pic18-lt\cxx-framework\src\traditional\proc\p18f24j50.asm
               TXSTA1bits   0x000fad       data     extern E:\MPASM_MPLINK_PIC18_LT_Branch_3_42\pic18-lt\cxx-framework\src\traditional\proc\p18f24j50.asm
                   TXSTA2   0x000fa8       data     extern E:\MPASM_MPLINK_PIC18_LT_Branch_3_42\pic18-lt\cxx-framework\src\traditional\proc\p18f24j50.asm
               TXSTA2bits   0x000fa8       data     extern E:\MPASM_MPLINK_PIC18_LT_Branch_3_42\pic18-lt\cxx-framework\src\traditional\proc\p18f24j50.asm
                TXSTAbits   0x000fad       data     extern E:\MPASM_MPLINK_PIC18_LT_Branch_3_42\pic18-lt\cxx-framework\src\traditional\proc\p18f24j50.asm
                    UADDR   0x000f38       data     extern E:\MPASM_MPLINK_PIC18_LT_Branch_3_42\pic18-lt\cxx-framework\src\traditional\proc\p18f24j50.asm
                UADDRbits   0x000f38       data     extern E:\MPASM_MPLINK_PIC18_LT_Branch_3_42\pic18-lt\cxx-framework\src\traditional\proc\p18f24j50.asm
                     UCFG   0x000f39       data     extern E:\MPASM_MPLINK_PIC18_LT_Branch_3_42\pic18-lt\cxx-framework\src\traditional\proc\p18f24j50.asm
                 UCFGbits   0x000f39       data     extern E:\MPASM_MPLINK_PIC18_LT_Branch_3_42\pic18-lt\cxx-framework\src\traditional\proc\p18f24j50.asm
                     UCON   0x000f65       data     extern E:\MPASM_MPLINK_PIC18_LT_Branch_3_42\pic18-lt\cxx-framework\src\traditional\proc\p18f24j50.asm
                 UCONbits   0x000f65       data     extern E:\MPASM_MPLINK_PIC18_LT_Branch_3_42\pic18-lt\cxx-framework\src\traditional\proc\p18f24j50.asm
                     UEIE   0x000f37       data     extern E:\MPASM_MPLINK_PIC18_LT_Branch_3_42\pic18-lt\cxx-framework\src\traditional\proc\p18f24j50.asm
                 UEIEbits   0x000f37       data     extern E:\MPASM_MPLINK_PIC18_LT_Branch_3_42\pic18-lt\cxx-framework\src\traditional\proc\p18f24j50.asm
                     UEIR   0x000f63       data     extern E:\MPASM_MPLINK_PIC18_LT_Branch_3_42\pic18-lt\cxx-framework\src\traditional\proc\p18f24j50.asm
                 UEIRbits   0x000f63       data     extern E:\MPASM_MPLINK_PIC18_LT_Branch_3_42\pic18-lt\cxx-framework\src\traditional\proc\p18f24j50.asm
                     UEP0   0x000f26       data     extern E:\MPASM_MPLINK_PIC18_LT_Branch_3_42\pic18-lt\cxx-framework\src\traditional\proc\p18f24j50.asm
                 UEP0bits   0x000f26       data     extern E:\MPASM_MPLINK_PIC18_LT_Branch_3_42\pic18-lt\cxx-framework\src\traditional\proc\p18f24j50.asm
                     UEP1   0x000f27       data     extern E:\MPASM_MPLINK_PIC18_LT_Branch_3_42\pic18-lt\cxx-framework\src\traditional\proc\p18f24j50.asm
                    UEP10   0x000f30       data     extern E:\MPASM_MPLINK_PIC18_LT_Branch_3_42\pic18-lt\cxx-framework\src\traditional\proc\p18f24j50.asm
                UEP10bits   0x000f30       data     extern E:\MPASM_MPLINK_PIC18_LT_Branch_3_42\pic18-lt\cxx-framework\src\traditional\proc\p18f24j50.asm
                    UEP11   0x000f31       data     extern E:\MPASM_MPLINK_PIC18_LT_Branch_3_42\pic18-lt\cxx-framework\src\traditional\proc\p18f24j50.asm
                UEP11bits   0x000f31       data     extern E:\MPASM_MPLINK_PIC18_LT_Branch_3_42\pic18-lt\cxx-framework\src\traditional\proc\p18f24j50.asm
                    UEP12   0x000f32       data     extern E:\MPASM_MPLINK_PIC18_LT_Branch_3_42\pic18-lt\cxx-framework\src\traditional\proc\p18f24j50.asm
                UEP12bits   0x000f32       data     extern E:\MPASM_MPLINK_PIC18_LT_Branch_3_42\pic18-lt\cxx-framework\src\traditional\proc\p18f24j50.asm
                    UEP13   0x000f33       data     extern E:\MPASM_MPLINK_PIC18_LT_Branch_3_42\pic18-lt\cxx-framework\src\traditional\proc\p18f24j50.asm
                UEP13bits   0x000f33       data     extern E:\MPASM_MPLINK_PIC18_LT_Branch_3_42\pic18-lt\cxx-framework\src\traditional\proc\p18f24j50.asm
                    UEP14   0x000f34       data     extern E:\MPASM_MPLINK_PIC18_LT_Branch_3_42\pic18-lt\cxx-framework\src\traditional\proc\p18f24j50.asm
                UEP14bits   0x000f34       data     extern E:\MPASM_MPLINK_PIC18_LT_Branch_3_42\pic18-lt\cxx-framework\src\traditional\proc\p18f24j50.asm
                    UEP15   0x000f35       data     extern E:\MPASM_MPLINK_PIC18_LT_Branch_3_42\pic18-lt\cxx-framework\src\traditional\proc\p18f24j50.asm
                UEP15bits   0x000f35       data     extern E:\MPASM_MPLINK_PIC18_LT_Branch_3_42\pic18-lt\cxx-framework\src\traditional\proc\p18f24j50.asm
                 UEP1bits   0x000f27       data     extern E:\MPASM_MPLINK_PIC18_LT_Branch_3_42\pic18-lt\cxx-framework\src\traditional\proc\p18f24j50.asm
                     UEP2   0x000f28       data     extern E:\MPASM_MPLINK_PIC18_LT_Branch_3_42\pic18-lt\cxx-framework\src\traditional\proc\p18f24j50.asm
                 UEP2bits   0x000f28       data     extern E:\MPASM_MPLINK_PIC18_LT_Branch_3_42\pic18-lt\cxx-framework\src\traditional\proc\p18f24j50.asm
                     UEP3   0x000f29       data     extern E:\MPASM_MPLINK_PIC18_LT_Branch_3_42\pic18-lt\cxx-framework\src\traditional\proc\p18f24j50.asm
                 UEP3bits   0x000f29       data     extern E:\MPASM_MPLINK_PIC18_LT_Branch_3_42\pic18-lt\cxx-framework\src\traditional\proc\p18f24j50.asm
                     UEP4   0x000f2a       data     extern E:\MPASM_MPLINK_PIC18_LT_Branch_3_42\pic18-lt\cxx-framework\src\traditional\proc\p18f24j50.asm
                 UEP4bits   0x000f2a       data     extern E:\MPASM_MPLINK_PIC18_LT_Branch_3_42\pic18-lt\cxx-framework\src\traditional\proc\p18f24j50.asm
                     UEP5   0x000f2b       data     extern E:\MPASM_MPLINK_PIC18_LT_Branch_3_42\pic18-lt\cxx-framework\src\traditional\proc\p18f24j50.asm
                 UEP5bits   0x000f2b       data     extern E:\MPASM_MPLINK_PIC18_LT_Branch_3_42\pic18-lt\cxx-framework\src\traditional\proc\p18f24j50.asm
                     UEP6   0x000f2c       data     extern E:\MPASM_MPLINK_PIC18_LT_Branch_3_42\pic18-lt\cxx-framework\src\traditional\proc\p18f24j50.asm
                 UEP6bits   0x000f2c       data     extern E:\MPASM_MPLINK_PIC18_LT_Branch_3_42\pic18-lt\cxx-framework\src\traditional\proc\p18f24j50.asm
                     UEP7   0x000f2d       data     extern E:\MPASM_MPLINK_PIC18_LT_Branch_3_42\pic18-lt\cxx-framework\src\traditional\proc\p18f24j50.asm
                 UEP7bits   0x000f2d       data     extern E:\MPASM_MPLINK_PIC18_LT_Branch_3_42\pic18-lt\cxx-framework\src\traditional\proc\p18f24j50.asm
                     UEP8   0x000f2e       data     extern E:\MPASM_MPLINK_PIC18_LT_Branch_3_42\pic18-lt\cxx-framework\src\traditional\proc\p18f24j50.asm
                 UEP8bits   0x000f2e       data     extern E:\MPASM_MPLINK_PIC18_LT_Branch_3_42\pic18-lt\cxx-framework\src\traditional\proc\p18f24j50.asm
[...]
                   CCPR2L   0x000fb5       data     extern E:\MPASM_MPLINK_PIC18_LT_Branch_3_42\pic18-lt\cxx-framework\src\traditional\proc\p18f24j50.asm
                    CCPR2   0x000fb5       data     extern E:\MPASM_MPLINK_PIC18_LT_Branch_3_42\pic18-lt\cxx-framework\src\traditional\proc\p18f24j50.asm
                   CCPR2H   0x000fb6       data     extern E:\MPASM_MPLINK_PIC18_LT_Branch_3_42\pic18-lt\cxx-framework\src\traditional\proc\p18f24j50.asm
              PWM2CONbits   0x000fb7       data     extern E:\MPASM_MPLINK_PIC18_LT_Branch_3_42\pic18-lt\cxx-framework\src\traditional\proc\p18f24j50.asm
                  PWM2CON   0x000fb7       data     extern E:\MPASM_MPLINK_PIC18_LT_Branch_3_42\pic18-lt\cxx-framework\src\traditional\proc\p18f24j50.asm
                 ECCP2DEL   0x000fb7       data     extern E:\MPASM_MPLINK_PIC18_LT_Branch_3_42\pic18-lt\cxx-framework\src\traditional\proc\p18f24j50.asm
             ECCP2DELbits   0x000fb7       data     extern E:\MPASM_MPLINK_PIC18_LT_Branch_3_42\pic18-lt\cxx-framework\src\traditional\proc\p18f24j50.asm
                  ECCP2AS   0x000fb8       data     extern E:\MPASM_MPLINK_PIC18_LT_Branch_3_42\pic18-lt\cxx-framework\src\traditional\proc\p18f24j50.asm
              ECCP2ASbits   0x000fb8       data     extern E:\MPASM_MPLINK_PIC18_LT_Branch_3_42\pic18-lt\cxx-framework\src\traditional\proc\p18f24j50.asm
             PSTR2CONbits   0x000fb9       data     extern E:\MPASM_MPLINK_PIC18_LT_Branch_3_42\pic18-lt\cxx-framework\src\traditional\proc\p18f24j50.asm
                 PSTR2CON   0x000fb9       data     extern E:\MPASM_MPLINK_PIC18_LT_Branch_3_42\pic18-lt\cxx-framework\src\traditional\proc\p18f24j50.asm
             ECCP1CONbits   0x000fba       data     extern E:\MPASM_MPLINK_PIC18_LT_Branch_3_42\pic18-lt\cxx-framework\src\traditional\proc\p18f24j50.asm
                  CCP1CON   0x000fba       data     extern E:\MPASM_MPLINK_PIC18_LT_Branch_3_42\pic18-lt\cxx-framework\src\traditional\proc\p18f24j50.asm
              CCP1CONbits   0x000fba       data     extern E:\MPASM_MPLINK_PIC18_LT_Branch_3_42\pic18-lt\cxx-framework\src\traditional\proc\p18f24j50.asm
                 ECCP1CON   0x000fba       data     extern E:\MPASM_MPLINK_PIC18_LT_Branch_3_42\pic18-lt\cxx-framework\src\traditional\proc\p18f24j50.asm
                   CCPR1L   0x000fbb       data     extern E:\MPASM_MPLINK_PIC18_LT_Branch_3_42\pic18-lt\cxx-framework\src\traditional\proc\p18f24j50.asm
                    CCPR1   0x000fbb       data     extern E:\MPASM_MPLINK_PIC18_LT_Branch_3_42\pic18-lt\cxx-framework\src\traditional\proc\p18f24j50.asm
                   CCPR1H   0x000fbc       data     extern E:\MPASM_MPLINK_PIC18_LT_Branch_3_42\pic18-lt\cxx-framework\src\traditional\proc\p18f24j50.asm
                  PWM1CON   0x000fbd       data     extern E:\MPASM_MPLINK_PIC18_LT_Branch_3_42\pic18-lt\cxx-framework\src\traditional\proc\p18f24j50.asm
              PWM1CONbits   0x000fbd       data     extern E:\MPASM_MPLINK_PIC18_LT_Branch_3_42\pic18-lt\cxx-framework\src\traditional\proc\p18f24j50.asm
             ECCP1DELbits   0x000fbd       data     extern E:\MPASM_MPLINK_PIC18_LT_Branch_3_42\pic18-lt\cxx-framework\src\traditional\proc\p18f24j50.asm
                 ECCP1DEL   0x000fbd       data     extern E:\MPASM_MPLINK_PIC18_LT_Branch_3_42\pic18-lt\cxx-framework\src\traditional\proc\p18f24j50.asm
                  ECCP1AS   0x000fbe       data     extern E:\MPASM_MPLINK_PIC18_LT_Branch_3_42\pic18-lt\cxx-framework\src\traditional\proc\p18f24j50.asm
              ECCP1ASbits   0x000fbe       data     extern E:\MPASM_MPLINK_PIC18_LT_Branch_3_42\pic18-lt\cxx-framework\src\traditional\proc\p18f24j50.asm
                 PSTR1CON   0x000fbf       data     extern E:\MPASM_MPLINK_PIC18_LT_Branch_3_42\pic18-lt\cxx-framework\src\traditional\proc\p18f24j50.asm
             PSTR1CONbits   0x000fbf       data     extern E:\MPASM_MPLINK_PIC18_LT_Branch_3_42\pic18-lt\cxx-framework\src\traditional\proc\p18f24j50.asm
               WDTCONbits   0x000fc0       data     extern E:\MPASM_MPLINK_PIC18_LT_Branch_3_42\pic18-lt\cxx-framework\src\traditional\proc\p18f24j50.asm
                   WDTCON   0x000fc0       data     extern E:\MPASM_MPLINK_PIC18_LT_Branch_3_42\pic18-lt\cxx-framework\src\traditional\proc\p18f24j50.asm
               ADCON1bits   0x000fc1       data     extern E:\MPASM_MPLINK_PIC18_LT_Branch_3_42\pic18-lt\cxx-framework\src\traditional\proc\p18f24j50.asm
                   ADCON1   0x000fc1       data     extern E:\MPASM_MPLINK_PIC18_LT_Branch_3_42\pic18-lt\cxx-framework\src\traditional\proc\p18f24j50.asm
               ADCON0bits   0x000fc2       data     extern E:\MPASM_MPLINK_PIC18_LT_Branch_3_42\pic18-lt\cxx-framework\src\traditional\proc\p18f24j50.asm
                   ADCON0   0x000fc2       data     extern E:\MPASM_MPLINK_PIC18_LT_Branch_3_42\pic18-lt\cxx-framework\src\traditional\proc\p18f24j50.asm
                   ADRESL   0x000fc3       data     extern E:\MPASM_MPLINK_PIC18_LT_Branch_3_42\pic18-lt\cxx-framework\src\traditional\proc\p18f24j50.asm
                    ADRES   0x000fc3       data     extern E:\MPASM_MPLINK_PIC18_LT_Branch_3_42\pic18-lt\cxx-framework\src\traditional\proc\p18f24j50.asm
                   ADRESH   0x000fc4       data     extern E:\MPASM_MPLINK_PIC18_LT_Branch_3_42\pic18-lt\cxx-framework\src\traditional\proc\p18f24j50.asm
              SSPCON2bits   0x000fc5       data     extern E:\MPASM_MPLINK_PIC18_LT_Branch_3_42\pic18-lt\cxx-framework\src\traditional\proc\p18f24j50.asm
                  SSPCON2   0x000fc5       data     extern E:\MPASM_MPLINK_PIC18_LT_Branch_3_42\pic18-lt\cxx-framework\src\traditional\proc\p18f24j50.asm
             SSP1CON2bits   0x000fc5       data     extern E:\MPASM_MPLINK_PIC18_LT_Branch_3_42\pic18-lt\cxx-framework\src\traditional\proc\p18f24j50.asm
                 SSP1CON2   0x000fc5       data     extern E:\MPASM_MPLINK_PIC18_LT_Branch_3_42\pic18-lt\cxx-framework\src\traditional\proc\p18f24j50.asm
              SSPCON1bits   0x000fc6       data     extern E:\MPASM_MPLINK_PIC18_LT_Branch_3_42\pic18-lt\cxx-framework\src\traditional\proc\p18f24j50.asm
                 SSP1CON1   0x000fc6       data     extern E:\MPASM_MPLINK_PIC18_LT_Branch_3_42\pic18-lt\cxx-framework\src\traditional\proc\p18f24j50.asm
             SSP1CON1bits   0x000fc6       data     extern E:\MPASM_MPLINK_PIC18_LT_Branch_3_42\pic18-lt\cxx-framework\src\traditional\proc\p18f24j50.asm
                  SSPCON1   0x000fc6       data     extern E:\MPASM_MPLINK_PIC18_LT_Branch_3_42\pic18-lt\cxx-framework\src\traditional\proc\p18f24j50.asm
              SSPSTATbits   0x000fc7       data     extern E:\MPASM_MPLINK_PIC18_LT_Branch_3_42\pic18-lt\cxx-framework\src\traditional\proc\p18f24j50.asm
                  SSPSTAT   0x000fc7       data     extern E:\MPASM_MPLINK_PIC18_LT_Branch_3_42\pic18-lt\cxx-framework\src\traditional\proc\p18f24j50.asm
                 SSP1STAT   0x000fc7       data     extern E:\MPASM_MPLINK_PIC18_LT_Branch_3_42\pic18-lt\cxx-framework\src\traditional\proc\p18f24j50.asm
             SSP1STATbits   0x000fc7       data     extern E:\MPASM_MPLINK_PIC18_LT_Branch_3_42\pic18-lt\cxx-framework\src\traditional\proc\p18f24j50.asm
               SSPADDbits   0x000fc8       data     extern E:\MPASM_MPLINK_PIC18_LT_Branch_3_42\pic18-lt\cxx-framework\src\traditional\proc\p18f24j50.asm
                   SSPADD   0x000fc8       data     extern E:\MPASM_MPLINK_PIC18_LT_Branch_3_42\pic18-lt\cxx-framework\src\traditional\proc\p18f24j50.asm
              SSP1ADDbits   0x000fc8       data     extern E:\MPASM_MPLINK_PIC18_LT_Branch_3_42\pic18-lt\cxx-framework\src\traditional\proc\p18f24j50.asm
                  SSP1ADD   0x000fc8       data     extern E:\MPASM_MPLINK_PIC18_LT_Branch_3_42\pic18-lt\cxx-framework\src\traditional\proc\p18f24j50.asm
                   SSPBUF   0x000fc9       data     extern E:\MPASM_MPLINK_PIC18_LT_Branch_3_42\pic18-lt\cxx-framework\src\traditional\proc\p18f24j50.asm
                  SSP1BUF   0x000fc9       data     extern E:\MPASM_MPLINK_PIC18_LT_Branch_3_42\pic18-lt\cxx-framework\src\traditional\proc\p18f24j50.asm
                    T2CON   0x000fca       data     extern E:\MPASM_MPLINK_PIC18_LT_Branch_3_42\pic18-lt\cxx-framework\src\traditional\proc\p18f24j50.asm
                T2CONbits   0x000fca       data     extern E:\MPASM_MPLINK_PIC18_LT_Branch_3_42\pic18-lt\cxx-framework\src\traditional\proc\p18f24j50.asm
                      PR2   0x000fcb       data     extern E:\MPASM_MPLINK_PIC18_LT_Branch_3_42\pic18-lt\cxx-framework\src\traditional\proc\p18f24j50.asm
                     TMR2   0x000fcc       data     extern E:\MPASM_MPLINK_PIC18_LT_Branch_3_42\pic18-lt\cxx-framework\src\traditional\proc\p18f24j50.asm
                T1CONbits   0x000fcd       data     extern E:\MPASM_MPLINK_PIC18_LT_Branch_3_42\pic18-lt\cxx-framework\src\traditional\proc\p18f24j50.asm
                    T1CON   0x000fcd       data     extern E:\MPASM_MPLINK_PIC18_LT_Branch_3_42\pic18-lt\cxx-framework\src\traditional\proc\p18f24j50.asm
                    TMR1L   0x000fce       data     extern E:\MPASM_MPLINK_PIC18_LT_Branch_3_42\pic18-lt\cxx-framework\src\traditional\proc\p18f24j50.asm
                    TMR1H   0x000fcf       data     extern E:\MPASM_MPLINK_PIC18_LT_Branch_3_42\pic18-lt\cxx-framework\src\traditional\proc\p18f24j50.asm
                 RCONbits   0x000fd0       data     extern E:\MPASM_MPLINK_PIC18_LT_Branch_3_42\pic18-lt\cxx-framework\src\traditional\proc\p18f24j50.asm
                     RCON   0x000fd0       data     extern E:\MPASM_MPLINK_PIC18_LT_Branch_3_42\pic18-lt\cxx-framework\src\traditional\proc\p18f24j50.asm
                   CM2CON   0x000fd1       data     extern E:\MPASM_MPLINK_PIC18_LT_Branch_3_42\pic18-lt\cxx-framework\src\traditional\proc\p18f24j50.asm
                  CM2CON1   0x000fd1       data     extern E:\MPASM_MPLINK_PIC18_LT_Branch_3_42\pic18-lt\cxx-framework\src\traditional\proc\p18f24j50.asm
              CM2CON1bits   0x000fd1       data     extern E:\MPASM_MPLINK_PIC18_LT_Branch_3_42\pic18-lt\cxx-framework\src\traditional\proc\p18f24j50.asm
               CM2CONbits   0x000fd1       data     extern E:\MPASM_MPLINK_PIC18_LT_Branch_3_42\pic18-lt\cxx-framework\src\traditional\proc\p18f24j50.asm
                   CM1CON   0x000fd2       data     extern E:\MPASM_MPLINK_PIC18_LT_Branch_3_42\pic18-lt\cxx-framework\src\traditional\proc\p18f24j50.asm
                  CM1CON1   0x000fd2       data     extern E:\MPASM_MPLINK_PIC18_LT_Branch_3_42\pic18-lt\cxx-framework\src\traditional\proc\p18f24j50.asm
              CM1CON1bits   0x000fd2       data     extern E:\MPASM_MPLINK_PIC18_LT_Branch_3_42\pic18-lt\cxx-framework\src\traditional\proc\p18f24j50.asm
               CM1CONbits   0x000fd2       data     extern E:\MPASM_MPLINK_PIC18_LT_Branch_3_42\pic18-lt\cxx-framework\src\traditional\proc\p18f24j50.asm
               OSCCONbits   0x000fd3       data     extern E:\MPASM_MPLINK_PIC18_LT_Branch_3_42\pic18-lt\cxx-framework\src\traditional\proc\p18f24j50.asm
                   OSCCON   0x000fd3       data     extern E:\MPASM_MPLINK_PIC18_LT_Branch_3_42\pic18-lt\cxx-framework\src\traditional\proc\p18f24j50.asm
                    T0CON   0x000fd5       data     extern E:\MPASM_MPLINK_PIC18_LT_Branch_3_42\pic18-lt\cxx-framework\src\traditional\proc\p18f24j50.asm
                T0CONbits   0x000fd5       data     extern E:\MPASM_MPLINK_PIC18_LT_Branch_3_42\pic18-lt\cxx-framework\src\traditional\proc\p18f24j50.asm
                    TMR0L   0x000fd6       data     extern E:\MPASM_MPLINK_PIC18_LT_Branch_3_42\pic18-lt\cxx-framework\src\traditional\proc\p18f24j50.asm
                    TMR0H   0x000fd7       data     extern E:\MPASM_MPLINK_PIC18_LT_Branch_3_42\pic18-lt\cxx-framework\src\traditional\proc\p18f24j50.asm
               STATUSbits   0x000fd8       data     extern E:\MPASM_MPLINK_PIC18_LT_Branch_3_42\pic18-lt\cxx-framework\src\traditional\proc\p18f24j50.asm
                   STATUS   0x000fd8       data     extern E:\MPASM_MPLINK_PIC18_LT_Branch_3_42\pic18-lt\cxx-framework\src\traditional\proc\p18f24j50.asm
                    FSR2L   0x000fd9       data     extern E:\MPASM_MPLINK_PIC18_LT_Branch_3_42\pic18-lt\cxx-framework\src\traditional\proc\p18f24j50.asm
                     FSR2   0x000fd9       data     extern E:\MPASM_MPLINK_PIC18_LT_Branch_3_42\pic18-lt\cxx-framework\src\traditional\proc\p18f24j50.asm
                    FSR2H   0x000fda       data     extern E:\MPASM_MPLINK_PIC18_LT_Branch_3_42\pic18-lt\cxx-framework\src\traditional\proc\p18f24j50.asm
                   PLUSW2   0x000fdb       data     extern E:\MPASM_MPLINK_PIC18_LT_Branch_3_42\pic18-lt\cxx-framework\src\traditional\proc\p18f24j50.asm
                  PREINC2   0x000fdc       data     extern E:\MPASM_MPLINK_PIC18_LT_Branch_3_42\pic18-lt\cxx-framework\src\traditional\proc\p18f24j50.asm
                 POSTDEC2   0x000fdd       data     extern E:\MPASM_MPLINK_PIC18_LT_Branch_3_42\pic18-lt\cxx-framework\src\traditional\proc\p18f24j50.asm
                 POSTINC2   0x000fde       data     extern E:\MPASM_MPLINK_PIC18_LT_Branch_3_42\pic18-lt\cxx-framework\src\traditional\proc\p18f24j50.asm
                    INDF2   0x000fdf       data     extern E:\MPASM_MPLINK_PIC18_LT_Branch_3_42\pic18-lt\cxx-framework\src\traditional\proc\p18f24j50.asm
                      BSR   0x000fe0       data     extern E:\MPASM_MPLINK_PIC18_LT_Branch_3_42\pic18-lt\cxx-framework\src\traditional\proc\p18f24j50.asm
                     FSR1   0x000fe1       data     extern E:\MPASM_MPLINK_PIC18_LT_Branch_3_42\pic18-lt\cxx-framework\src\traditional\proc\p18f24j50.asm
                    FSR1L   0x000fe1       data     extern E:\MPASM_MPLINK_PIC18_LT_Branch_3_42\pic18-lt\cxx-framework\src\traditional\proc\p18f24j50.asm
                    FSR1H   0x000fe2       data     extern E:\MPASM_MPLINK_PIC18_LT_Branch_3_42\pic18-lt\cxx-framework\src\traditional\proc\p18f24j50.asm
                   PLUSW1   0x000fe3       data     extern E:\MPASM_MPLINK_PIC18_LT_Branch_3_42\pic18-lt\cxx-framework\src\traditional\proc\p18f24j50.asm
                  PREINC1   0x000fe4       data     extern E:\MPASM_MPLINK_PIC18_LT_Branch_3_42\pic18-lt\cxx-framework\src\traditional\proc\p18f24j50.asm
                 POSTDEC1   0x000fe5       data     extern E:\MPASM_MPLINK_PIC18_LT_Branch_3_42\pic18-lt\cxx-framework\src\traditional\proc\p18f24j50.asm
                 POSTINC1   0x000fe6       data     extern E:\MPASM_MPLINK_PIC18_LT_Branch_3_42\pic18-lt\cxx-framework\src\traditional\proc\p18f24j50.asm
                    INDF1   0x000fe7       data     extern E:\MPASM_MPLINK_PIC18_LT_Branch_3_42\pic18-lt\cxx-framework\src\traditional\proc\p18f24j50.asm
                     WREG   0x000fe8       data     extern E:\MPASM_MPLINK_PIC18_LT_Branch_3_42\pic18-lt\cxx-framework\src\traditional\proc\p18f24j50.asm
                     FSR0   0x000fe9       data     extern E:\MPASM_MPLINK_PIC18_LT_Branch_3_42\pic18-lt\cxx-framework\src\traditional\proc\p18f24j50.asm
                    FSR0L   0x000fe9       data     extern E:\MPASM_MPLINK_PIC18_LT_Branch_3_42\pic18-lt\cxx-framework\src\traditional\proc\p18f24j50.asm
                    FSR0H   0x000fea       data     extern E:\MPASM_MPLINK_PIC18_LT_Branch_3_42\pic18-lt\cxx-framework\src\traditional\proc\p18f24j50.asm
                   PLUSW0   0x000feb       data     extern E:\MPASM_MPLINK_PIC18_LT_Branch_3_42\pic18-lt\cxx-framework\src\traditional\proc\p18f24j50.asm
                  PREINC0   0x000fec       data     extern E:\MPASM_MPLINK_PIC18_LT_Branch_3_42\pic18-lt\cxx-framework\src\traditional\proc\p18f24j50.asm
                 POSTDEC0   0x000fed       data     extern E:\MPASM_MPLINK_PIC18_LT_Branch_3_42\pic18-lt\cxx-framework\src\traditional\proc\p18f24j50.asm
                 POSTINC0   0x000fee       data     extern E:\MPASM_MPLINK_PIC18_LT_Branch_3_42\pic18-lt\cxx-framework\src\traditional\proc\p18f24j50.asm
                    INDF0   0x000fef       data     extern E:\MPASM_MPLINK_PIC18_LT_Branch_3_42\pic18-lt\cxx-framework\src\traditional\proc\p18f24j50.asm
              INTCON3bits   0x000ff0       data     extern E:\MPASM_MPLINK_PIC18_LT_Branch_3_42\pic18-lt\cxx-framework\src\traditional\proc\p18f24j50.asm
                  INTCON3   0x000ff0       data     extern E:\MPASM_MPLINK_PIC18_LT_Branch_3_42\pic18-lt\cxx-framework\src\traditional\proc\p18f24j50.asm
              INTCON2bits   0x000ff1       data     extern E:\MPASM_MPLINK_PIC18_LT_Branch_3_42\pic18-lt\cxx-framework\src\traditional\proc\p18f24j50.asm
                  INTCON2   0x000ff1       data     extern E:\MPASM_MPLINK_PIC18_LT_Branch_3_42\pic18-lt\cxx-framework\src\traditional\proc\p18f24j50.asm
               INTCONbits   0x000ff2       data     extern E:\MPASM_MPLINK_PIC18_LT_Branch_3_42\pic18-lt\cxx-framework\src\traditional\proc\p18f24j50.asm
                   INTCON   0x000ff2       data     extern E:\MPASM_MPLINK_PIC18_LT_Branch_3_42\pic18-lt\cxx-framework\src\traditional\proc\p18f24j50.asm
                     PROD   0x000ff3       data     extern E:\MPASM_MPLINK_PIC18_LT_Branch_3_42\pic18-lt\cxx-framework\src\traditional\proc\p18f24j50.asm
                    PRODL   0x000ff3       data     extern E:\MPASM_MPLINK_PIC18_LT_Branch_3_42\pic18-lt\cxx-framework\src\traditional\proc\p18f24j50.asm
                    PRODH   0x000ff4       data     extern E:\MPASM_MPLINK_PIC18_LT_Branch_3_42\pic18-lt\cxx-framework\src\traditional\proc\p18f24j50.asm
                   TABLAT   0x000ff5       data     extern E:\MPASM_MPLINK_PIC18_LT_Branch_3_42\pic18-lt\cxx-framework\src\traditional\proc\p18f24j50.asm
                   TBLPTR   0x000ff6       data     extern E:\MPASM_MPLINK_PIC18_LT_Branch_3_42\pic18-lt\cxx-framework\src\traditional\proc\p18f24j50.asm
                  TBLPTRL   0x000ff6       data     extern E:\MPASM_MPLINK_PIC18_LT_Branch_3_42\pic18-lt\cxx-framework\src\traditional\proc\p18f24j50.asm
                  TBLPTRH   0x000ff7       data     extern E:\MPASM_MPLINK_PIC18_LT_Branch_3_42\pic18-lt\cxx-framework\src\traditional\proc\p18f24j50.asm
                  TBLPTRU   0x000ff8       data     extern E:\MPASM_MPLINK_PIC18_LT_Branch_3_42\pic18-lt\cxx-framework\src\traditional\proc\p18f24j50.asm
                       PC   0x000ff9       data     extern E:\MPASM_MPLINK_PIC18_LT_Branch_3_42\pic18-lt\cxx-framework\src\traditional\proc\p18f24j50.asm
                      PCL   0x000ff9       data     extern E:\MPASM_MPLINK_PIC18_LT_Branch_3_42\pic18-lt\cxx-framework\src\traditional\proc\p18f24j50.asm
                   PCLATH   0x000ffa       data     extern E:\MPASM_MPLINK_PIC18_LT_Branch_3_42\pic18-lt\cxx-framework\src\traditional\proc\p18f24j50.asm
                   PCLATU   0x000ffb       data     extern E:\MPASM_MPLINK_PIC18_LT_Branch_3_42\pic18-lt\cxx-framework\src\traditional\proc\p18f24j50.asm
                   STKPTR   0x000ffc       data     extern E:\MPASM_MPLINK_PIC18_LT_Branch_3_42\pic18-lt\cxx-framework\src\traditional\proc\p18f24j50.asm
               STKPTRbits   0x000ffc       data     extern E:\MPASM_MPLINK_PIC18_LT_Branch_3_42\pic18-lt\cxx-framework\src\traditional\proc\p18f24j50.asm
                     TOSL   0x000ffd       data     extern E:\MPASM_MPLINK_PIC18_LT_Branch_3_42\pic18-lt\cxx-framework\src\traditional\proc\p18f24j50.asm
                      TOS   0x000ffd       data     extern E:\MPASM_MPLINK_PIC18_LT_Branch_3_42\pic18-lt\cxx-framework\src\traditional\proc\p18f24j50.asm
                     TOSH   0x000ffe       data     extern E:\MPASM_MPLINK_PIC18_LT_Branch_3_42\pic18-lt\cxx-framework\src\traditional\proc\p18f24j50.asm
                     TOSU   0x000fff       data     extern E:\MPASM_MPLINK_PIC18_LT_Branch_3_42\pic18-lt\cxx-framework\src\traditional\proc\p18f24j50.asm


